Component: ARM Compiler 5.06 update 6 (build 750) Tool: armlink [4d35ed]

==============================================================================

Small function inlining results

Inlined total of 0 calls.

==============================================================================

Image Symbol Table

    Local Symbols

    Symbol Name                              Value     Ov Type        Size  Object(Section)

    RESET                                    0x00000000   Section      500  startup_m480.o(RESET)
    ../clib/microlib/division.c              0x00000000   Number         0  uldiv.o ABSOLUTE
    ../clib/microlib/division.c              0x00000000   Number         0  uidiv.o ABSOLUTE
    ../clib/microlib/init/entry.s            0x00000000   Number         0  entry7b.o ABSOLUTE
    ../clib/microlib/init/entry.s            0x00000000   Number         0  entry8b.o ABSOLUTE
    ../clib/microlib/init/entry.s            0x00000000   Number         0  entry8a.o ABSOLUTE
    ../clib/microlib/init/entry.s            0x00000000   Number         0  entry11b.o ABSOLUTE
    ../clib/microlib/init/entry.s            0x00000000   Number         0  entry10b.o ABSOLUTE
    ../clib/microlib/init/entry.s            0x00000000   Number         0  entry7a.o ABSOLUTE
    ../clib/microlib/init/entry.s            0x00000000   Number         0  entry11a.o ABSOLUTE
    ../clib/microlib/init/entry.s            0x00000000   Number         0  entry.o ABSOLUTE
    ../clib/microlib/init/entry.s            0x00000000   Number         0  entry10a.o ABSOLUTE
    ../clib/microlib/init/entry.s            0x00000000   Number         0  entry9b.o ABSOLUTE
    ../clib/microlib/init/entry.s            0x00000000   Number         0  entry2.o ABSOLUTE
    ../clib/microlib/init/entry.s            0x00000000   Number         0  entry5.o ABSOLUTE
    ../clib/microlib/init/entry.s            0x00000000   Number         0  entry9a.o ABSOLUTE
    ../clib/microlib/longlong.c              0x00000000   Number         0  llsshr.o ABSOLUTE
    ../clib/microlib/longlong.c              0x00000000   Number         0  llshl.o ABSOLUTE
    ../clib/microlib/longlong.c              0x00000000   Number         0  llushr.o ABSOLUTE
    ../clib/microlib/printf/printf.c         0x00000000   Number         0  printf2.o ABSOLUTE
    ../clib/microlib/printf/printf.c         0x00000000   Number         0  printf6.o ABSOLUTE
    ../clib/microlib/printf/printf.c         0x00000000   Number         0  printf5.o ABSOLUTE
    ../clib/microlib/printf/printf.c         0x00000000   Number         0  printf4.o ABSOLUTE
    ../clib/microlib/printf/printf.c         0x00000000   Number         0  printfa.o ABSOLUTE
    ../clib/microlib/printf/printf.c         0x00000000   Number         0  printf3.o ABSOLUTE
    ../clib/microlib/printf/printf.c         0x00000000   Number         0  printf8.o ABSOLUTE
    ../clib/microlib/printf/printf.c         0x00000000   Number         0  printf1.o ABSOLUTE
    ../clib/microlib/printf/printf.c         0x00000000   Number         0  printf0.o ABSOLUTE
    ../clib/microlib/printf/printf.c         0x00000000   Number         0  printfb.o ABSOLUTE
    ../clib/microlib/printf/printf.c         0x00000000   Number         0  printf7.o ABSOLUTE
    ../clib/microlib/printf/stubs.s          0x00000000   Number         0  stubs.o ABSOLUTE
    ../clib/microlib/stdio/getc.c            0x00000000   Number         0  getc.o ABSOLUTE
    ../clib/microlib/string/memcpy.c         0x00000000   Number         0  memcpyb.o ABSOLUTE
    ../clib/microlib/string/memcpy.c         0x00000000   Number         0  memcpya.o ABSOLUTE
    ../clib/microlib/stubs.s                 0x00000000   Number         0  iusefp.o ABSOLUTE
    ../fplib/microlib/fpadd.c                0x00000000   Number         0  dadd.o ABSOLUTE
    ../fplib/microlib/fpdiv.c                0x00000000   Number         0  ddiv.o ABSOLUTE
    ../fplib/microlib/fpepilogue.c           0x00000000   Number         0  depilogue.o ABSOLUTE
    ../fplib/microlib/fpfix.c                0x00000000   Number         0  dfixul.o ABSOLUTE
    ../fplib/microlib/fpmul.c                0x00000000   Number         0  dmul.o ABSOLUTE
    ..\..\..\Library\Device\Nuvoton\M480\Source\ARM\startup_M480.s 0x00000000   Number         0  startup_m480.o ABSOLUTE
    ..\..\..\Library\Device\Nuvoton\M480\Source\system_M480.c 0x00000000   Number         0  system_m480.o ABSOLUTE
    ..\..\..\Library\StdDriver\src\clk.c     0x00000000   Number         0  clk.o ABSOLUTE
    ..\..\..\Library\StdDriver\src\fmc.c     0x00000000   Number         0  fmc.o ABSOLUTE
    ..\..\..\Library\StdDriver\src\gpio.c    0x00000000   Number         0  gpio.o ABSOLUTE
    ..\..\..\Library\StdDriver\src\retarget.c 0x00000000   Number         0  retarget.o ABSOLUTE
    ..\..\..\Library\StdDriver\src\rtc.c     0x00000000   Number         0  rtc.o ABSOLUTE
    ..\..\..\Library\StdDriver\src\sys.c     0x00000000   Number         0  sys.o ABSOLUTE
    ..\..\..\Library\StdDriver\src\timer.c   0x00000000   Number         0  timer.o ABSOLUTE
    ..\..\..\Library\StdDriver\src\uart.c    0x00000000   Number         0  uart.o ABSOLUTE
    ..\\..\\..\\Library\\Device\\Nuvoton\\M480\\Source\\system_M480.c 0x00000000   Number         0  system_m480.o ABSOLUTE
    ..\\..\\..\\Library\\StdDriver\\src\\clk.c 0x00000000   Number         0  clk.o ABSOLUTE
    ..\\..\\..\\Library\\StdDriver\\src\\fmc.c 0x00000000   Number         0  fmc.o ABSOLUTE
    ..\\..\\..\\Library\\StdDriver\\src\\gpio.c 0x00000000   Number         0  gpio.o ABSOLUTE
    ..\\..\\..\\Library\\StdDriver\\src\\retarget.c 0x00000000   Number         0  retarget.o ABSOLUTE
    ..\\..\\..\\Library\\StdDriver\\src\\rtc.c 0x00000000   Number         0  rtc.o ABSOLUTE
    ..\\..\\..\\Library\\StdDriver\\src\\sys.c 0x00000000   Number         0  sys.o ABSOLUTE
    ..\\..\\..\\Library\\StdDriver\\src\\timer.c 0x00000000   Number         0  timer.o ABSOLUTE
    ..\\..\\..\\Library\\StdDriver\\src\\uart.c 0x00000000   Number         0  uart.o ABSOLUTE
    ..\\main.c                               0x00000000   Number         0  main.o ABSOLUTE
    ..\main.c                                0x00000000   Number         0  main.o ABSOLUTE
    cdrcmple.s                               0x00000000   Number         0  cdrcmple.o ABSOLUTE
    handlers.s                               0x00000000   Number         0  handlers.o ABSOLUTE
    init.s                                   0x00000000   Number         0  init.o ABSOLUTE
    .ARM.Collect$$$$00000000                 0x000001f4   Section        0  entry.o(.ARM.Collect$$$$00000000)
    .ARM.Collect$$$$00000001                 0x000001f4   Section        4  entry2.o(.ARM.Collect$$$$00000001)
    .ARM.Collect$$$$00000004                 0x000001f8   Section        4  entry5.o(.ARM.Collect$$$$00000004)
    .ARM.Collect$$$$00000008                 0x000001fc   Section        0  entry7b.o(.ARM.Collect$$$$00000008)
    .ARM.Collect$$$$0000000A                 0x000001fc   Section        0  entry8b.o(.ARM.Collect$$$$0000000A)
    .ARM.Collect$$$$0000000B                 0x000001fc   Section        8  entry9a.o(.ARM.Collect$$$$0000000B)
    .ARM.Collect$$$$0000000D                 0x00000204   Section        0  entry10a.o(.ARM.Collect$$$$0000000D)
    .ARM.Collect$$$$0000000F                 0x00000204   Section        0  entry11a.o(.ARM.Collect$$$$0000000F)
    .ARM.Collect$$$$00002712                 0x00000204   Section        4  entry2.o(.ARM.Collect$$$$00002712)
    __lit__00000000                          0x00000204   Data           4  entry2.o(.ARM.Collect$$$$00002712)
    .emb_text                                0x00000208   Section       28  retarget.o(.emb_text)
    $v0                                      0x00000208   Number         0  retarget.o(.emb_text)
    .text                                    0x00000224   Section      104  startup_m480.o(.text)
    $v0                                      0x00000224   Number         0  startup_m480.o(.text)
    Default_Handler                          0x00000277   Thumb Code     2  startup_m480.o(.text)
    .text                                    0x0000028c   Section        0  uldiv.o(.text)
    .text                                    0x000002ee   Section        0  memcpya.o(.text)
    .text                                    0x00000312   Section        0  llshl.o(.text)
    .text                                    0x00000330   Section        0  llushr.o(.text)
    .text                                    0x00000350   Section       36  init.o(.text)
    i.CLK_DisablePLL                         0x00000374   Section        0  clk.o(i.CLK_DisablePLL)
    i.CLK_EnableModuleClock                  0x00000388   Section        0  clk.o(i.CLK_EnableModuleClock)
    i.CLK_EnablePLL                          0x000003a4   Section        0  clk.o(i.CLK_EnablePLL)
    i.CLK_EnableXtalRC                       0x000004f8   Section        0  clk.o(i.CLK_EnableXtalRC)
    i.CLK_GetCPUFreq                         0x00000508   Section        0  clk.o(i.CLK_GetCPUFreq)
    i.CLK_GetHXTFreq                         0x00000518   Section        0  clk.o(i.CLK_GetHXTFreq)
    i.CLK_GetLXTFreq                         0x0000052c   Section        0  clk.o(i.CLK_GetLXTFreq)
    i.CLK_GetPCLK0Freq                       0x00000544   Section        0  clk.o(i.CLK_GetPCLK0Freq)
    i.CLK_GetPCLK1Freq                       0x000005a8   Section        0  clk.o(i.CLK_GetPCLK1Freq)
    i.CLK_GetPLLClockFreq                    0x00000610   Section        0  clk.o(i.CLK_GetPLLClockFreq)
    i.CLK_SetCoreClock                       0x00000660   Section        0  clk.o(i.CLK_SetCoreClock)
    i.CLK_SetHCLK                            0x000006e4   Section        0  clk.o(i.CLK_SetHCLK)
    i.CLK_SetModuleClock                     0x00000748   Section        0  clk.o(i.CLK_SetModuleClock)
    i.CLK_WaitClockReady                     0x000007dc   Section        0  clk.o(i.CLK_WaitClockReady)
    i.Check_if_FW_update_TimeOut             0x00000808   Section        0  main.o(i.Check_if_FW_update_TimeOut)
    i.Custom_Init                            0x00000848   Section        0  main.o(i.Custom_Init)
    i.FMC_Close                              0x00000890   Section        0  fmc.o(i.FMC_Close)
    i.FMC_Disable                            0x000008a0   Section        0  main.o(i.FMC_Disable)
    i.FMC_Enable                             0x000008b2   Section        0  main.o(i.FMC_Enable)
    i.FMC_Erase                              0x000008c0   Section        0  fmc.o(i.FMC_Erase)
    i.FMC_Erase_SPROM                        0x000008f8   Section        0  fmc.o(i.FMC_Erase_SPROM)
    i.FMC_GetBootSource                      0x00000930   Section        0  fmc.o(i.FMC_GetBootSource)
    i.FMC_Open                               0x00000950   Section        0  fmc.o(i.FMC_Open)
    i.FMC_Read                               0x00000960   Section        0  fmc.o(i.FMC_Read)
    i.FMC_ReadConfig                         0x0000097c   Section        0  fmc.o(i.FMC_ReadConfig)
    i.FMC_Write                              0x000009a8   Section        0  fmc.o(i.FMC_Write)
    i.FMC_WriteConfig                        0x000009c4   Section        0  fmc.o(i.FMC_WriteConfig)
    i.GPIO_SetMode                           0x00000a50   Section        0  gpio.o(i.GPIO_SetMode)
    i.Hard_Fault_Handler                     0x00000a7c   Section        0  retarget.o(i.Hard_Fault_Handler)
    __tagsym$$used                           0x00000a7d   Number         0  retarget.o(i.Hard_Fault_Handler)
    i.IsDebugFifoEmpty                       0x00000aa4   Section        0  retarget.o(i.IsDebugFifoEmpty)
    i.Jump_To_Application                    0x00000ab4   Section        0  main.o(i.Jump_To_Application)
    i.NVIC_DisableIRQ                        0x00000b18   Section        0  main.o(i.NVIC_DisableIRQ)
    NVIC_DisableIRQ                          0x00000b19   Thumb Code    22  main.o(i.NVIC_DisableIRQ)
    i.NVIC_EnableIRQ                         0x00000b2e   Section        0  main.o(i.NVIC_EnableIRQ)
    NVIC_EnableIRQ                           0x00000b2f   Thumb Code    22  main.o(i.NVIC_EnableIRQ)
    i.NVIC_SystemReset                       0x00000b44   Section        0  main.o(i.NVIC_SystemReset)
    NVIC_SystemReset                         0x00000b45   Thumb Code    26  main.o(i.NVIC_SystemReset)
    i.RTC_EnableSpareAccess                  0x00000b68   Section        0  rtc.o(i.RTC_EnableSpareAccess)
    i.RTC_WaitAccessEnable                   0x00000b80   Section        0  rtc.o(i.RTC_WaitAccessEnable)
    RTC_WaitAccessEnable                     0x00000b81   Thumb Code    34  rtc.o(i.RTC_WaitAccessEnable)
    i.Read_BS                                0x00000ba8   Section        0  main.o(i.Read_BS)
    i.SYS_ClearResetSrc                      0x00000ca4   Section        0  sys.o(i.SYS_ClearResetSrc)
    i.SYS_GetResetSrc                        0x00000cb0   Section        0  sys.o(i.SYS_GetResetSrc)
    i.SYS_Init                               0x00000cb8   Section        0  main.o(i.SYS_Init)
    i.SYS_ResetCPU                           0x00000d5c   Section        0  sys.o(i.SYS_ResetCPU)
    i.SYS_ResetModule                        0x00000d6c   Section        0  sys.o(i.SYS_ResetModule)
    i.SYS_UnlockReg                          0x00000d84   Section        0  main.o(i.SYS_UnlockReg)
    SYS_UnlockReg                            0x00000d85   Thumb Code    32  main.o(i.SYS_UnlockReg)
    i.SendChar                               0x00000da4   Section        0  retarget.o(i.SendChar)
    SendChar                                 0x00000da5   Thumb Code    26  retarget.o(i.SendChar)
    i.SystemCoreClockUpdate                  0x00000dc4   Section        0  system_m480.o(i.SystemCoreClockUpdate)
    i.SystemInit                             0x00000e0c   Section        0  system_m480.o(i.SystemInit)
    i.TIMER1_Init                            0x00000e84   Section        0  main.o(i.TIMER1_Init)
    i.TIMER_GetModuleClock                   0x00000eb4   Section        0  timer.o(i.TIMER_GetModuleClock)
    i.TIMER_Open                             0x00000f2c   Section        0  timer.o(i.TIMER_Open)
    i.TMR1_IRQHandler                        0x00000f64   Section        0  main.o(i.TMR1_IRQHandler)
    i.UART0_IRQHandler                       0x00000ff0   Section        0  main.o(i.UART0_IRQHandler)
    i.UART0_Init                             0x00001024   Section        0  main.o(i.UART0_Init)
    i.UART_ClearIntFlag                      0x00001114   Section        0  uart.o(i.UART_ClearIntFlag)
    i.UART_Open                              0x00001150   Section        0  uart.o(i.UART_Open)
    i.UARTx_Process                          0x00001268   Section        0  main.o(i.UARTx_Process)
    i.__0printf$8                            0x000012ac   Section        0  printf8.o(i.__0printf$8)
    i.__scatterload_copy                     0x000012cc   Section       14  handlers.o(i.__scatterload_copy)
    i.__scatterload_null                     0x000012da   Section        2  handlers.o(i.__scatterload_null)
    i.__scatterload_zeroinit                 0x000012dc   Section       14  handlers.o(i.__scatterload_zeroinit)
    i._printf_core                           0x000012ec   Section        0  printf8.o(i._printf_core)
    _printf_core                             0x000012ed   Thumb Code   996  printf8.o(i._printf_core)
    i._printf_post_padding                   0x000016fc   Section        0  printf8.o(i._printf_post_padding)
    _printf_post_padding                     0x000016fd   Thumb Code    36  printf8.o(i._printf_post_padding)
    i._printf_pre_padding                    0x00001720   Section        0  printf8.o(i._printf_pre_padding)
    _printf_pre_padding                      0x00001721   Thumb Code    46  printf8.o(i._printf_pre_padding)
    i.check_reset_source                     0x00001750   Section        0  main.o(i.check_reset_source)
    i.fputc                                  0x0000187c   Section        0  retarget.o(i.fputc)
    i.main                                   0x00001888   Section        0  main.o(i.main)
    i.resetPeripherals                       0x000018e8   Section        0  main.o(i.resetPeripherals)
    i.rtc_read_magic_tag                     0x0000190c   Section        0  main.o(i.rtc_read_magic_tag)
    i.rtc_write_magic_tag                    0x00001950   Section        0  main.o(i.rtc_write_magic_tag)
    i.set_FW_update_TimeOut                  0x00001994   Section        0  main.o(i.set_FW_update_TimeOut)
    i.set_IAP_boot_mode                      0x000019e0   Section        0  main.o(i.set_IAP_boot_mode)
    i.stackDump                              0x00001a54   Section        0  retarget.o(i.stackDump)
    stackDump                                0x00001a55   Thumb Code    72  retarget.o(i.stackDump)
    i.tick_counter                           0x00001afc   Section        0  main.o(i.tick_counter)
    .constdata                               0x00001b0c   Section       48  uart.o(.constdata)
    .constdata                               0x00001b3c   Section       32  timer.o(.constdata)
    .constdata                               0x00001b5c   Section      106  main.o(.constdata)
    __FUNCTION__                             0x00001b5c   Data           8  main.o(.constdata)
    __FUNCTION__                             0x00001b64   Data          15  main.o(.constdata)
    __FUNCTION__                             0x00001b73   Data          20  main.o(.constdata)
    __FUNCTION__                             0x00001b87   Data          20  main.o(.constdata)
    __FUNCTION__                             0x00001b9b   Data          27  main.o(.constdata)
    __FUNCTION__                             0x00001bb6   Data          16  main.o(.constdata)
    .conststring                             0x00001bc8   Section      413  main.o(.conststring)
    .data                                    0x20000000   Section       44  system_m480.o(.data)
    .data                                    0x2000002c   Section        4  retarget.o(.data)
    .data                                    0x20000030   Section       12  main.o(.data)
    LOG                                      0x20000038   Data           4  main.o(.data)
    STACK                                    0x20000040   Section     2048  startup_m480.o(STACK)

    Global Symbols

    Symbol Name                              Value     Ov Type        Size  Object(Section)

    BuildAttributes$$THM_ISAv4$E$P$D$K$B$S$7EM$VFPi3$EXTD16$VFPS$VFMA$PE$A:L22UL41UL21$X:L11$S22US41US21$IEEE1$IW$USESV6$~STKCKD$USESV7$~SHL$OSPACE$ROPI$EBA8$MICROLIB$REQ8$PRES8$EABIv2 0x00000000   Number         0  anon$$obj.o ABSOLUTE
    __ARM_use_no_argv                        0x00000000   Number         0  main.o ABSOLUTE
    __Vectors                                0x00000000   Data           4  startup_m480.o(RESET)
    _printf_a                                0x00000000   Number         0  stubs.o ABSOLUTE
    _printf_c                                0x00000000   Number         0  stubs.o ABSOLUTE
    _printf_charcount                        0x00000000   Number         0  stubs.o ABSOLUTE
    _printf_d                                0x00000000   Number         0  stubs.o ABSOLUTE
    _printf_e                                0x00000000   Number         0  stubs.o ABSOLUTE
    _printf_f                                0x00000000   Number         0  stubs.o ABSOLUTE
    _printf_flags                            0x00000000   Number         0  stubs.o ABSOLUTE
    _printf_fp_dec                           0x00000000   Number         0  stubs.o ABSOLUTE
    _printf_fp_hex                           0x00000000   Number         0  stubs.o ABSOLUTE
    _printf_g                                0x00000000   Number         0  stubs.o ABSOLUTE
    _printf_i                                0x00000000   Number         0  stubs.o ABSOLUTE
    _printf_int_dec                          0x00000000   Number         0  stubs.o ABSOLUTE
    _printf_l                                0x00000000   Number         0  stubs.o ABSOLUTE
    _printf_lc                               0x00000000   Number         0  stubs.o ABSOLUTE
    _printf_ll                               0x00000000   Number         0  stubs.o ABSOLUTE
    _printf_lld                              0x00000000   Number         0  stubs.o ABSOLUTE
    _printf_lli                              0x00000000   Number         0  stubs.o ABSOLUTE
    _printf_llo                              0x00000000   Number         0  stubs.o ABSOLUTE
    _printf_llu                              0x00000000   Number         0  stubs.o ABSOLUTE
    _printf_llx                              0x00000000   Number         0  stubs.o ABSOLUTE
    _printf_longlong_dec                     0x00000000   Number         0  stubs.o ABSOLUTE
    _printf_longlong_hex                     0x00000000   Number         0  stubs.o ABSOLUTE
    _printf_longlong_oct                     0x00000000   Number         0  stubs.o ABSOLUTE
    _printf_ls                               0x00000000   Number         0  stubs.o ABSOLUTE
    _printf_mbtowc                           0x00000000   Number         0  stubs.o ABSOLUTE
    _printf_n                                0x00000000   Number         0  stubs.o ABSOLUTE
    _printf_o                                0x00000000   Number         0  stubs.o ABSOLUTE
    _printf_p                                0x00000000   Number         0  stubs.o ABSOLUTE
    _printf_percent                          0x00000000   Number         0  stubs.o ABSOLUTE
    _printf_pre_padding                      0x00000000   Number         0  stubs.o ABSOLUTE
    _printf_return_value                     0x00000000   Number         0  stubs.o ABSOLUTE
    _printf_s                                0x00000000   Number         0  stubs.o ABSOLUTE
    _printf_sizespec                         0x00000000   Number         0  stubs.o ABSOLUTE
    _printf_str                              0x00000000   Number         0  stubs.o ABSOLUTE
    _printf_truncate_signed                  0x00000000   Number         0  stubs.o ABSOLUTE
    _printf_truncate_unsigned                0x00000000   Number         0  stubs.o ABSOLUTE
    _printf_u                                0x00000000   Number         0  stubs.o ABSOLUTE
    _printf_wc                               0x00000000   Number         0  stubs.o ABSOLUTE
    _printf_wctomb                           0x00000000   Number         0  stubs.o ABSOLUTE
    _printf_widthprec                        0x00000000   Number         0  stubs.o ABSOLUTE
    _printf_x                                0x00000000   Number         0  stubs.o ABSOLUTE
    __cpp_initialize__aeabi_                  - Undefined Weak Reference
    __cxa_finalize                            - Undefined Weak Reference
    __decompress                              - Undefined Weak Reference
    _clock_init                               - Undefined Weak Reference
    _microlib_exit                            - Undefined Weak Reference
    __Vectors_End                            0x000001f4   Data           0  startup_m480.o(RESET)
    __Vectors_Size                           0x000001f4   Number         0  startup_m480.o ABSOLUTE
    __main                                   0x000001f5   Thumb Code     0  entry.o(.ARM.Collect$$$$00000000)
    _main_stk                                0x000001f5   Thumb Code     0  entry2.o(.ARM.Collect$$$$00000001)
    _main_scatterload                        0x000001f9   Thumb Code     0  entry5.o(.ARM.Collect$$$$00000004)
    __main_after_scatterload                 0x000001fd   Thumb Code     0  entry5.o(.ARM.Collect$$$$00000004)
    _main_clock                              0x000001fd   Thumb Code     0  entry7b.o(.ARM.Collect$$$$00000008)
    _main_cpp_init                           0x000001fd   Thumb Code     0  entry8b.o(.ARM.Collect$$$$0000000A)
    _main_init                               0x000001fd   Thumb Code     0  entry9a.o(.ARM.Collect$$$$0000000B)
    __rt_final_cpp                           0x00000205   Thumb Code     0  entry10a.o(.ARM.Collect$$$$0000000D)
    __rt_final_exit                          0x00000205   Thumb Code     0  entry11a.o(.ARM.Collect$$$$0000000F)
    HardFault_Handler                        0x00000209   Thumb Code    24  retarget.o(.emb_text)
    Reset_Handler                            0x00000225   Thumb Code    64  startup_m480.o(.text)
    NMI_Handler                              0x00000265   Thumb Code     2  startup_m480.o(.text)
    MemManage_Handler                        0x00000269   Thumb Code     2  startup_m480.o(.text)
    BusFault_Handler                         0x0000026b   Thumb Code     2  startup_m480.o(.text)
    UsageFault_Handler                       0x0000026d   Thumb Code     2  startup_m480.o(.text)
    SVC_Handler                              0x0000026f   Thumb Code     2  startup_m480.o(.text)
    DebugMon_Handler                         0x00000271   Thumb Code     2  startup_m480.o(.text)
    PendSV_Handler                           0x00000273   Thumb Code     2  startup_m480.o(.text)
    SysTick_Handler                          0x00000275   Thumb Code     2  startup_m480.o(.text)
    ACMP01_IRQHandler                        0x00000277   Thumb Code     0  startup_m480.o(.text)
    BOD_IRQHandler                           0x00000277   Thumb Code     0  startup_m480.o(.text)
    BPWM0_IRQHandler                         0x00000277   Thumb Code     0  startup_m480.o(.text)
    BPWM1_IRQHandler                         0x00000277   Thumb Code     0  startup_m480.o(.text)
    BRAKE0_IRQHandler                        0x00000277   Thumb Code     0  startup_m480.o(.text)
    BRAKE1_IRQHandler                        0x00000277   Thumb Code     0  startup_m480.o(.text)
    CAN0_IRQHandler                          0x00000277   Thumb Code     0  startup_m480.o(.text)
    CAN1_IRQHandler                          0x00000277   Thumb Code     0  startup_m480.o(.text)
    CAN2_IRQHandler                          0x00000277   Thumb Code     0  startup_m480.o(.text)
    CCAP_IRQHandler                          0x00000277   Thumb Code     0  startup_m480.o(.text)
    CKFAIL_IRQHandler                        0x00000277   Thumb Code     0  startup_m480.o(.text)
    CRYPTO_IRQHandler                        0x00000277   Thumb Code     0  startup_m480.o(.text)
    DAC_IRQHandler                           0x00000277   Thumb Code     0  startup_m480.o(.text)
    EADC00_IRQHandler                        0x00000277   Thumb Code     0  startup_m480.o(.text)
    EADC01_IRQHandler                        0x00000277   Thumb Code     0  startup_m480.o(.text)
    EADC02_IRQHandler                        0x00000277   Thumb Code     0  startup_m480.o(.text)
    EADC03_IRQHandler                        0x00000277   Thumb Code     0  startup_m480.o(.text)
    EADC10_IRQHandler                        0x00000277   Thumb Code     0  startup_m480.o(.text)
    EADC11_IRQHandler                        0x00000277   Thumb Code     0  startup_m480.o(.text)
    EADC12_IRQHandler                        0x00000277   Thumb Code     0  startup_m480.o(.text)
    EADC13_IRQHandler                        0x00000277   Thumb Code     0  startup_m480.o(.text)
    ECAP0_IRQHandler                         0x00000277   Thumb Code     0  startup_m480.o(.text)
    ECAP1_IRQHandler                         0x00000277   Thumb Code     0  startup_m480.o(.text)
    EHCI_IRQHandler                          0x00000277   Thumb Code     0  startup_m480.o(.text)
    EINT0_IRQHandler                         0x00000277   Thumb Code     0  startup_m480.o(.text)
    EINT1_IRQHandler                         0x00000277   Thumb Code     0  startup_m480.o(.text)
    EINT2_IRQHandler                         0x00000277   Thumb Code     0  startup_m480.o(.text)
    EINT3_IRQHandler                         0x00000277   Thumb Code     0  startup_m480.o(.text)
    EINT4_IRQHandler                         0x00000277   Thumb Code     0  startup_m480.o(.text)
    EINT5_IRQHandler                         0x00000277   Thumb Code     0  startup_m480.o(.text)
    EINT6_IRQHandler                         0x00000277   Thumb Code     0  startup_m480.o(.text)
    EINT7_IRQHandler                         0x00000277   Thumb Code     0  startup_m480.o(.text)
    EMAC_RX_IRQHandler                       0x00000277   Thumb Code     0  startup_m480.o(.text)
    EMAC_TX_IRQHandler                       0x00000277   Thumb Code     0  startup_m480.o(.text)
    EPWM0P0_IRQHandler                       0x00000277   Thumb Code     0  startup_m480.o(.text)
    EPWM0P1_IRQHandler                       0x00000277   Thumb Code     0  startup_m480.o(.text)
    EPWM0P2_IRQHandler                       0x00000277   Thumb Code     0  startup_m480.o(.text)
    EPWM1P0_IRQHandler                       0x00000277   Thumb Code     0  startup_m480.o(.text)
    EPWM1P1_IRQHandler                       0x00000277   Thumb Code     0  startup_m480.o(.text)
    EPWM1P2_IRQHandler                       0x00000277   Thumb Code     0  startup_m480.o(.text)
    GPA_IRQHandler                           0x00000277   Thumb Code     0  startup_m480.o(.text)
    GPB_IRQHandler                           0x00000277   Thumb Code     0  startup_m480.o(.text)
    GPC_IRQHandler                           0x00000277   Thumb Code     0  startup_m480.o(.text)
    GPD_IRQHandler                           0x00000277   Thumb Code     0  startup_m480.o(.text)
    GPE_IRQHandler                           0x00000277   Thumb Code     0  startup_m480.o(.text)
    GPF_IRQHandler                           0x00000277   Thumb Code     0  startup_m480.o(.text)
    GPG_IRQHandler                           0x00000277   Thumb Code     0  startup_m480.o(.text)
    GPH_IRQHandler                           0x00000277   Thumb Code     0  startup_m480.o(.text)
    I2C0_IRQHandler                          0x00000277   Thumb Code     0  startup_m480.o(.text)
    I2C1_IRQHandler                          0x00000277   Thumb Code     0  startup_m480.o(.text)
    I2C2_IRQHandler                          0x00000277   Thumb Code     0  startup_m480.o(.text)
    I2S0_IRQHandler                          0x00000277   Thumb Code     0  startup_m480.o(.text)
    IRC_IRQHandler                           0x00000277   Thumb Code     0  startup_m480.o(.text)
    OHCI_IRQHandler                          0x00000277   Thumb Code     0  startup_m480.o(.text)
    OPA0_IRQHandler                          0x00000277   Thumb Code     0  startup_m480.o(.text)
    PDMA_IRQHandler                          0x00000277   Thumb Code     0  startup_m480.o(.text)
    PWRWU_IRQHandler                         0x00000277   Thumb Code     0  startup_m480.o(.text)
    QEI0_IRQHandler                          0x00000277   Thumb Code     0  startup_m480.o(.text)
    QEI1_IRQHandler                          0x00000277   Thumb Code     0  startup_m480.o(.text)
    QSPI0_IRQHandler                         0x00000277   Thumb Code     0  startup_m480.o(.text)
    QSPI1_IRQHandler                         0x00000277   Thumb Code     0  startup_m480.o(.text)
    RAMPE_IRQHandler                         0x00000277   Thumb Code     0  startup_m480.o(.text)
    RTC_IRQHandler                           0x00000277   Thumb Code     0  startup_m480.o(.text)
    SC0_IRQHandler                           0x00000277   Thumb Code     0  startup_m480.o(.text)
    SC1_IRQHandler                           0x00000277   Thumb Code     0  startup_m480.o(.text)
    SC2_IRQHandler                           0x00000277   Thumb Code     0  startup_m480.o(.text)
    SDH0_IRQHandler                          0x00000277   Thumb Code     0  startup_m480.o(.text)
    SDH1_IRQHandler                          0x00000277   Thumb Code     0  startup_m480.o(.text)
    SPI0_IRQHandler                          0x00000277   Thumb Code     0  startup_m480.o(.text)
    SPI1_IRQHandler                          0x00000277   Thumb Code     0  startup_m480.o(.text)
    SPI2_IRQHandler                          0x00000277   Thumb Code     0  startup_m480.o(.text)
    SPI3_IRQHandler                          0x00000277   Thumb Code     0  startup_m480.o(.text)
    SPIM_IRQHandler                          0x00000277   Thumb Code     0  startup_m480.o(.text)
    TAMPER_IRQHandler                        0x00000277   Thumb Code     0  startup_m480.o(.text)
    TMR0_IRQHandler                          0x00000277   Thumb Code     0  startup_m480.o(.text)
    TMR2_IRQHandler                          0x00000277   Thumb Code     0  startup_m480.o(.text)
    TMR3_IRQHandler                          0x00000277   Thumb Code     0  startup_m480.o(.text)
    TRNG_IRQHandler                          0x00000277   Thumb Code     0  startup_m480.o(.text)
    UART1_IRQHandler                         0x00000277   Thumb Code     0  startup_m480.o(.text)
    UART2_IRQHandler                         0x00000277   Thumb Code     0  startup_m480.o(.text)
    UART3_IRQHandler                         0x00000277   Thumb Code     0  startup_m480.o(.text)
    UART4_IRQHandler                         0x00000277   Thumb Code     0  startup_m480.o(.text)
    UART5_IRQHandler                         0x00000277   Thumb Code     0  startup_m480.o(.text)
    UART6_IRQHandler                         0x00000277   Thumb Code     0  startup_m480.o(.text)
    UART7_IRQHandler                         0x00000277   Thumb Code     0  startup_m480.o(.text)
    USBD20_IRQHandler                        0x00000277   Thumb Code     0  startup_m480.o(.text)
    USBD_IRQHandler                          0x00000277   Thumb Code     0  startup_m480.o(.text)
    USBOTG20_IRQHandler                      0x00000277   Thumb Code     0  startup_m480.o(.text)
    USBOTG_IRQHandler                        0x00000277   Thumb Code     0  startup_m480.o(.text)
    USCI0_IRQHandler                         0x00000277   Thumb Code     0  startup_m480.o(.text)
    USCI1_IRQHandler                         0x00000277   Thumb Code     0  startup_m480.o(.text)
    WDT_IRQHandler                           0x00000277   Thumb Code     0  startup_m480.o(.text)
    WWDT_IRQHandler                          0x00000277   Thumb Code     0  startup_m480.o(.text)
    __aeabi_uldivmod                         0x0000028d   Thumb Code    98  uldiv.o(.text)
    __aeabi_memcpy                           0x000002ef   Thumb Code    36  memcpya.o(.text)
    __aeabi_memcpy4                          0x000002ef   Thumb Code     0  memcpya.o(.text)
    __aeabi_memcpy8                          0x000002ef   Thumb Code     0  memcpya.o(.text)
    __aeabi_llsl                             0x00000313   Thumb Code    30  llshl.o(.text)
    _ll_shift_l                              0x00000313   Thumb Code     0  llshl.o(.text)
    __aeabi_llsr                             0x00000331   Thumb Code    32  llushr.o(.text)
    _ll_ushift_r                             0x00000331   Thumb Code     0  llushr.o(.text)
    __scatterload                            0x00000351   Thumb Code    28  init.o(.text)
    __scatterload_rt2                        0x00000351   Thumb Code     0  init.o(.text)
    CLK_DisablePLL                           0x00000375   Thumb Code    18  clk.o(i.CLK_DisablePLL)
    CLK_EnableModuleClock                    0x00000389   Thumb Code    24  clk.o(i.CLK_EnableModuleClock)
    CLK_EnablePLL                            0x000003a5   Thumb Code   308  clk.o(i.CLK_EnablePLL)
    CLK_EnableXtalRC                         0x000004f9   Thumb Code    16  clk.o(i.CLK_EnableXtalRC)
    CLK_GetCPUFreq                           0x00000509   Thumb Code    12  clk.o(i.CLK_GetCPUFreq)
    CLK_GetHXTFreq                           0x00000519   Thumb Code    16  clk.o(i.CLK_GetHXTFreq)
    CLK_GetLXTFreq                           0x0000052d   Thumb Code    22  clk.o(i.CLK_GetLXTFreq)
    CLK_GetPCLK0Freq                         0x00000545   Thumb Code    96  clk.o(i.CLK_GetPCLK0Freq)
    CLK_GetPCLK1Freq                         0x000005a9   Thumb Code    98  clk.o(i.CLK_GetPCLK1Freq)
    CLK_GetPLLClockFreq                      0x00000611   Thumb Code    66  clk.o(i.CLK_GetPLLClockFreq)
    CLK_SetCoreClock                         0x00000661   Thumb Code   128  clk.o(i.CLK_SetCoreClock)
    CLK_SetHCLK                              0x000006e5   Thumb Code    98  clk.o(i.CLK_SetHCLK)
    CLK_SetModuleClock                       0x00000749   Thumb Code   140  clk.o(i.CLK_SetModuleClock)
    CLK_WaitClockReady                       0x000007dd   Thumb Code    38  clk.o(i.CLK_WaitClockReady)
    Check_if_FW_update_TimeOut               0x00000809   Thumb Code    38  main.o(i.Check_if_FW_update_TimeOut)
    Custom_Init                              0x00000849   Thumb Code    68  main.o(i.Custom_Init)
    FMC_Close                                0x00000891   Thumb Code    12  fmc.o(i.FMC_Close)
    FMC_Disable                              0x000008a1   Thumb Code    18  main.o(i.FMC_Disable)
    FMC_Enable                               0x000008b3   Thumb Code    14  main.o(i.FMC_Enable)
    FMC_Erase                                0x000008c1   Thumb Code    52  fmc.o(i.FMC_Erase)
    FMC_Erase_SPROM                          0x000008f9   Thumb Code    48  fmc.o(i.FMC_Erase_SPROM)
    FMC_GetBootSource                        0x00000931   Thumb Code    26  fmc.o(i.FMC_GetBootSource)
    FMC_Open                                 0x00000951   Thumb Code    12  fmc.o(i.FMC_Open)
    FMC_Read                                 0x00000961   Thumb Code    22  fmc.o(i.FMC_Read)
    FMC_ReadConfig                           0x0000097d   Thumb Code    40  fmc.o(i.FMC_ReadConfig)
    FMC_Write                                0x000009a9   Thumb Code    22  fmc.o(i.FMC_Write)
    FMC_WriteConfig                          0x000009c5   Thumb Code   130  fmc.o(i.FMC_WriteConfig)
    GPIO_SetMode                             0x00000a51   Thumb Code    44  gpio.o(i.GPIO_SetMode)
    Hard_Fault_Handler                       0x00000a7d   Thumb Code    16  retarget.o(i.Hard_Fault_Handler)
    IsDebugFifoEmpty                         0x00000aa5   Thumb Code    10  retarget.o(i.IsDebugFifoEmpty)
    Jump_To_Application                      0x00000ab5   Thumb Code    72  main.o(i.Jump_To_Application)
    RTC_EnableSpareAccess                    0x00000b69   Thumb Code    18  rtc.o(i.RTC_EnableSpareAccess)
    Read_BS                                  0x00000ba9   Thumb Code   126  main.o(i.Read_BS)
    SYS_ClearResetSrc                        0x00000ca5   Thumb Code    12  sys.o(i.SYS_ClearResetSrc)
    SYS_GetResetSrc                          0x00000cb1   Thumb Code     8  sys.o(i.SYS_GetResetSrc)
    SYS_Init                                 0x00000cb9   Thumb Code   146  main.o(i.SYS_Init)
    SYS_ResetCPU                             0x00000d5d   Thumb Code    14  sys.o(i.SYS_ResetCPU)
    SYS_ResetModule                          0x00000d6d   Thumb Code    20  sys.o(i.SYS_ResetModule)
    SystemCoreClockUpdate                    0x00000dc5   Thumb Code    64  system_m480.o(i.SystemCoreClockUpdate)
    SystemInit                               0x00000e0d   Thumb Code   108  system_m480.o(i.SystemInit)
    TIMER1_Init                              0x00000e85   Thumb Code    42  main.o(i.TIMER1_Init)
    TIMER_GetModuleClock                     0x00000eb5   Thumb Code   102  timer.o(i.TIMER_GetModuleClock)
    TIMER_Open                               0x00000f2d   Thumb Code    54  timer.o(i.TIMER_Open)
    TMR1_IRQHandler                          0x00000f65   Thumb Code    94  main.o(i.TMR1_IRQHandler)
    UART0_IRQHandler                         0x00000ff1   Thumb Code    48  main.o(i.UART0_IRQHandler)
    UART0_Init                               0x00001025   Thumb Code   100  main.o(i.UART0_Init)
    UART_ClearIntFlag                        0x00001115   Thumb Code    56  uart.o(i.UART_ClearIntFlag)
    UART_Open                                0x00001151   Thumb Code   246  uart.o(i.UART_Open)
    UARTx_Process                            0x00001269   Thumb Code    44  main.o(i.UARTx_Process)
    __0printf$8                              0x000012ad   Thumb Code    22  printf8.o(i.__0printf$8)
    __1printf$8                              0x000012ad   Thumb Code     0  printf8.o(i.__0printf$8)
    __2printf                                0x000012ad   Thumb Code     0  printf8.o(i.__0printf$8)
    __scatterload_copy                       0x000012cd   Thumb Code    14  handlers.o(i.__scatterload_copy)
    __scatterload_null                       0x000012db   Thumb Code     2  handlers.o(i.__scatterload_null)
    __scatterload_zeroinit                   0x000012dd   Thumb Code    14  handlers.o(i.__scatterload_zeroinit)
    check_reset_source                       0x00001751   Thumb Code   108  main.o(i.check_reset_source)
    fputc                                    0x0000187d   Thumb Code    12  retarget.o(i.fputc)
    main                                     0x00001889   Thumb Code    62  main.o(i.main)
    resetPeripherals                         0x000018e9   Thumb Code    30  main.o(i.resetPeripherals)
    rtc_read_magic_tag                       0x0000190d   Thumb Code    36  main.o(i.rtc_read_magic_tag)
    rtc_write_magic_tag                      0x00001951   Thumb Code    36  main.o(i.rtc_write_magic_tag)
    set_FW_update_TimeOut                    0x00001995   Thumb Code    62  main.o(i.set_FW_update_TimeOut)
    set_IAP_boot_mode                        0x000019e1   Thumb Code    68  main.o(i.set_IAP_boot_mode)
    tick_counter                             0x00001afd   Thumb Code    10  main.o(i.tick_counter)
    Region$$Table$$Base                      0x00001d68   Number         0  anon$$obj.o(Region$$Table)
    Region$$Table$$Limit                     0x00001d88   Number         0  anon$$obj.o(Region$$Table)
    SystemCoreClock                          0x20000000   Data           4  system_m480.o(.data)
    CyclesPerUs                              0x20000004   Data           4  system_m480.o(.data)
    PllClock                                 0x20000008   Data           4  system_m480.o(.data)
    gau32ClkSrcTbl                           0x2000000c   Data          32  system_m480.o(.data)
    __stdout                                 0x2000002c   Data           4  retarget.o(.data)
    BitFlag                                  0x20000030   Data           4  main.o(.data)
    counter_tick                             0x20000034   Data           4  main.o(.data)
    __initial_sp                             0x20000840   Data           0  startup_m480.o(STACK)



==============================================================================

Memory Map of the image

  Image Entry point : 0x00000225

  Load Region LR_1 (Base: 0x00000000, Size: 0x00001dc4, Max: 0xffffffff, ABSOLUTE)

    Execution Region ER_RO (Exec base: 0x00000000, Load base: 0x00000000, Size: 0x00001d88, Max: 0xffffffff, ABSOLUTE)

    Exec Addr    Load Addr    Size         Type   Attr      Idx    E Section Name        Object

    0x00000000   0x00000000   0x000001f4   Data   RO          320    RESET               startup_m480.o
    0x000001f4   0x000001f4   0x00000000   Code   RO         1722  * .ARM.Collect$$$$00000000  mc_w.l(entry.o)
    0x000001f4   0x000001f4   0x00000004   Code   RO         1992    .ARM.Collect$$$$00000001  mc_w.l(entry2.o)
    0x000001f8   0x000001f8   0x00000004   Code   RO         1995    .ARM.Collect$$$$00000004  mc_w.l(entry5.o)
    0x000001fc   0x000001fc   0x00000000   Code   RO         1997    .ARM.Collect$$$$00000008  mc_w.l(entry7b.o)
    0x000001fc   0x000001fc   0x00000000   Code   RO         1999    .ARM.Collect$$$$0000000A  mc_w.l(entry8b.o)
    0x000001fc   0x000001fc   0x00000008   Code   RO         2000    .ARM.Collect$$$$0000000B  mc_w.l(entry9a.o)
    0x00000204   0x00000204   0x00000000   Code   RO         2002    .ARM.Collect$$$$0000000D  mc_w.l(entry10a.o)
    0x00000204   0x00000204   0x00000000   Code   RO         2004    .ARM.Collect$$$$0000000F  mc_w.l(entry11a.o)
    0x00000204   0x00000204   0x00000004   Code   RO         1993    .ARM.Collect$$$$00002712  mc_w.l(entry2.o)
    0x00000208   0x00000208   0x0000001c   Code   RO          328    .emb_text           retarget.o
    0x00000224   0x00000224   0x00000068   Code   RO          321  * .text               startup_m480.o
    0x0000028c   0x0000028c   0x00000062   Code   RO         1725    .text               mc_w.l(uldiv.o)
    0x000002ee   0x000002ee   0x00000024   Code   RO         1727    .text               mc_w.l(memcpya.o)
    0x00000312   0x00000312   0x0000001e   Code   RO         2008    .text               mc_w.l(llshl.o)
    0x00000330   0x00000330   0x00000020   Code   RO         2010    .text               mc_w.l(llushr.o)
    0x00000350   0x00000350   0x00000024   Code   RO         2023    .text               mc_w.l(init.o)
    0x00000374   0x00000374   0x00000012   Code   RO          616    i.CLK_DisablePLL    clk.o
    0x00000386   0x00000386   0x00000002   PAD
    0x00000388   0x00000388   0x0000001c   Code   RO          621    i.CLK_EnableModuleClock  clk.o
    0x000003a4   0x000003a4   0x00000154   Code   RO          622    i.CLK_EnablePLL     clk.o
    0x000004f8   0x000004f8   0x00000010   Code   RO          625    i.CLK_EnableXtalRC  clk.o
    0x00000508   0x00000508   0x00000010   Code   RO          626    i.CLK_GetCPUFreq    clk.o
    0x00000518   0x00000518   0x00000014   Code   RO          628    i.CLK_GetHXTFreq    clk.o
    0x0000052c   0x0000052c   0x00000016   Code   RO          629    i.CLK_GetLXTFreq    clk.o
    0x00000542   0x00000542   0x00000002   PAD
    0x00000544   0x00000544   0x00000064   Code   RO          632    i.CLK_GetPCLK0Freq  clk.o
    0x000005a8   0x000005a8   0x00000068   Code   RO          633    i.CLK_GetPCLK1Freq  clk.o
    0x00000610   0x00000610   0x00000050   Code   RO          634    i.CLK_GetPLLClockFreq  clk.o
    0x00000660   0x00000660   0x00000084   Code   RO          638    i.CLK_SetCoreClock  clk.o
    0x000006e4   0x000006e4   0x00000062   Code   RO          639    i.CLK_SetHCLK       clk.o
    0x00000746   0x00000746   0x00000002   PAD
    0x00000748   0x00000748   0x00000094   Code   RO          640    i.CLK_SetModuleClock  clk.o
    0x000007dc   0x000007dc   0x0000002c   Code   RO          643    i.CLK_WaitClockReady  clk.o
    0x00000808   0x00000808   0x00000040   Code   RO         1299    i.Check_if_FW_update_TimeOut  main.o
    0x00000848   0x00000848   0x00000048   Code   RO         1300    i.Custom_Init       main.o
    0x00000890   0x00000890   0x00000010   Code   RO          950    i.FMC_Close         fmc.o
    0x000008a0   0x000008a0   0x00000012   Code   RO         1301    i.FMC_Disable       main.o
    0x000008b2   0x000008b2   0x0000000e   Code   RO         1302    i.FMC_Enable        main.o
    0x000008c0   0x000008c0   0x00000038   Code   RO          953    i.FMC_Erase         fmc.o
    0x000008f8   0x000008f8   0x00000038   Code   RO          957    i.FMC_Erase_SPROM   fmc.o
    0x00000930   0x00000930   0x00000020   Code   RO          958    i.FMC_GetBootSource  fmc.o
    0x00000950   0x00000950   0x00000010   Code   RO          963    i.FMC_Open          fmc.o
    0x00000960   0x00000960   0x0000001c   Code   RO          964    i.FMC_Read          fmc.o
    0x0000097c   0x0000097c   0x0000002c   Code   RO          965    i.FMC_ReadConfig    fmc.o
    0x000009a8   0x000009a8   0x0000001c   Code   RO          971    i.FMC_Write         fmc.o
    0x000009c4   0x000009c4   0x0000008c   Code   RO          973    i.FMC_WriteConfig   fmc.o
    0x00000a50   0x00000a50   0x0000002c   Code   RO          812    i.GPIO_SetMode      gpio.o
    0x00000a7c   0x00000a7c   0x00000028   Code   RO          329    i.Hard_Fault_Handler  retarget.o
    0x00000aa4   0x00000aa4   0x00000010   Code   RO          330    i.IsDebugFifoEmpty  retarget.o
    0x00000ab4   0x00000ab4   0x00000064   Code   RO         1304    i.Jump_To_Application  main.o
    0x00000b18   0x00000b18   0x00000016   Code   RO         1306    i.NVIC_DisableIRQ   main.o
    0x00000b2e   0x00000b2e   0x00000016   Code   RO         1307    i.NVIC_EnableIRQ    main.o
    0x00000b44   0x00000b44   0x00000024   Code   RO         1308    i.NVIC_SystemReset  main.o
    0x00000b68   0x00000b68   0x00000018   Code   RO         1135    i.RTC_EnableSpareAccess  rtc.o
    0x00000b80   0x00000b80   0x00000028   Code   RO         1151    i.RTC_WaitAccessEnable  rtc.o
    0x00000ba8   0x00000ba8   0x000000fc   Code   RO         1309    i.Read_BS           main.o
    0x00000ca4   0x00000ca4   0x0000000c   Code   RO          524    i.SYS_ClearResetSrc  sys.o
    0x00000cb0   0x00000cb0   0x00000008   Code   RO          528    i.SYS_GetResetSrc   sys.o
    0x00000cb8   0x00000cb8   0x000000a4   Code   RO         1310    i.SYS_Init          main.o
    0x00000d5c   0x00000d5c   0x0000000e   Code   RO          531    i.SYS_ResetCPU      sys.o
    0x00000d6a   0x00000d6a   0x00000002   PAD
    0x00000d6c   0x00000d6c   0x00000018   Code   RO          533    i.SYS_ResetModule   sys.o
    0x00000d84   0x00000d84   0x00000020   Code   RO         1311    i.SYS_UnlockReg     main.o
    0x00000da4   0x00000da4   0x00000020   Code   RO          331    i.SendChar          retarget.o
    0x00000dc4   0x00000dc4   0x00000048   Code   RO            4    i.SystemCoreClockUpdate  system_m480.o
    0x00000e0c   0x00000e0c   0x00000078   Code   RO            5    i.SystemInit        system_m480.o
    0x00000e84   0x00000e84   0x00000030   Code   RO         1312    i.TIMER1_Init       main.o
    0x00000eb4   0x00000eb4   0x00000078   Code   RO          866    i.TIMER_GetModuleClock  timer.o
    0x00000f2c   0x00000f2c   0x00000036   Code   RO          867    i.TIMER_Open        timer.o
    0x00000f62   0x00000f62   0x00000002   PAD
    0x00000f64   0x00000f64   0x0000008c   Code   RO         1313    i.TMR1_IRQHandler   main.o
    0x00000ff0   0x00000ff0   0x00000034   Code   RO         1314    i.UART0_IRQHandler  main.o
    0x00001024   0x00001024   0x000000f0   Code   RO         1315    i.UART0_Init        main.o
    0x00001114   0x00001114   0x0000003c   Code   RO          421    i.UART_ClearIntFlag  uart.o
    0x00001150   0x00001150   0x00000118   Code   RO          427    i.UART_Open         uart.o
    0x00001268   0x00001268   0x00000044   Code   RO         1316    i.UARTx_Process     main.o
    0x000012ac   0x000012ac   0x00000020   Code   RO         1938    i.__0printf$8       mc_w.l(printf8.o)
    0x000012cc   0x000012cc   0x0000000e   Code   RO         2031    i.__scatterload_copy  mc_w.l(handlers.o)
    0x000012da   0x000012da   0x00000002   Code   RO         2032    i.__scatterload_null  mc_w.l(handlers.o)
    0x000012dc   0x000012dc   0x0000000e   Code   RO         2033    i.__scatterload_zeroinit  mc_w.l(handlers.o)
    0x000012ea   0x000012ea   0x00000002   PAD
    0x000012ec   0x000012ec   0x00000410   Code   RO         1945    i._printf_core      mc_w.l(printf8.o)
    0x000016fc   0x000016fc   0x00000024   Code   RO         1946    i._printf_post_padding  mc_w.l(printf8.o)
    0x00001720   0x00001720   0x0000002e   Code   RO         1947    i._printf_pre_padding  mc_w.l(printf8.o)
    0x0000174e   0x0000174e   0x00000002   PAD
    0x00001750   0x00001750   0x0000012c   Code   RO         1317    i.check_reset_source  main.o
    0x0000187c   0x0000187c   0x0000000c   Code   RO          335    i.fputc             retarget.o
    0x00001888   0x00001888   0x00000060   Code   RO         1326    i.main              main.o
    0x000018e8   0x000018e8   0x00000024   Code   RO         1327    i.resetPeripherals  main.o
    0x0000190c   0x0000190c   0x00000044   Code   RO         1329    i.rtc_read_magic_tag  main.o
    0x00001950   0x00001950   0x00000044   Code   RO         1330    i.rtc_write_magic_tag  main.o
    0x00001994   0x00001994   0x0000004c   Code   RO         1331    i.set_FW_update_TimeOut  main.o
    0x000019e0   0x000019e0   0x00000074   Code   RO         1332    i.set_IAP_boot_mode  main.o
    0x00001a54   0x00001a54   0x000000a8   Code   RO          337    i.stackDump         retarget.o
    0x00001afc   0x00001afc   0x00000010   Code   RO         1334    i.tick_counter      main.o
    0x00001b0c   0x00001b0c   0x00000030   Data   RO          435    .constdata          uart.o
    0x00001b3c   0x00001b3c   0x00000020   Data   RO          870    .constdata          timer.o
    0x00001b5c   0x00001b5c   0x0000006a   Data   RO         1335    .constdata          main.o
    0x00001bc6   0x00001bc6   0x00000002   PAD
    0x00001bc8   0x00001bc8   0x0000019d   Data   RO         1336    .conststring        main.o
    0x00001d65   0x00001d65   0x00000003   PAD
    0x00001d68   0x00001d68   0x00000020   Data   RO         2029    Region$$Table       anon$$obj.o


    Execution Region ER_RW (Exec base: 0x20000000, Load base: 0x00001d88, Size: 0x0000003c, Max: 0xffffffff, ABSOLUTE)

    Exec Addr    Load Addr    Size         Type   Attr      Idx    E Section Name        Object

    0x20000000   0x00001d88   0x0000002c   Data   RW            6    .data               system_m480.o
    0x2000002c   0x00001db4   0x00000004   Data   RW          338    .data               retarget.o
    0x20000030   0x00001db8   0x0000000c   Data   RW         1337    .data               main.o


    Execution Region ER_ZI (Exec base: 0x2000003c, Load base: 0x00001dc4, Size: 0x00000804, Max: 0xffffffff, ABSOLUTE)

    Exec Addr    Load Addr    Size         Type   Attr      Idx    E Section Name        Object

    0x2000003c   0x00001dc4   0x00000004   PAD
    0x20000040        -       0x00000800   Zero   RW          318    STACK               startup_m480.o


==============================================================================

Image component sizes


      Code (inc. data)   RO Data    RW Data    ZI Data      Debug   Object Name

      1166         86          0          0          0      10945   clk.o
       416         52          0          0          0       6149   fmc.o
        44          0          0          0          0       1055   gpio.o
      2120        796        519         12          0     156364   main.o
       296        136          0          4          0       5470   retarget.o
        64         12          0          0          0       3740   rtc.o
       104         20        500          0       2048        936   startup_m480.o
        58          4          0          0          0       2211   sys.o
       192         20          0         44          0      50415   system_m480.o
       174         18         32          0          0       2124   timer.o
       340         38         48          0          0       2080   uart.o

    ----------------------------------------------------------------------
      4984       1182       1136         60       2052     241489   Object Totals
         0          0         32          0          0          0   (incl. Generated)
        10          0          5          0          4          0   (incl. Padding)

    ----------------------------------------------------------------------

      Code (inc. data)   RO Data    RW Data    ZI Data      Debug   Library Member Name

         0          0          0          0          0          0   entry.o
         0          0          0          0          0          0   entry10a.o
         0          0          0          0          0          0   entry11a.o
         8          4          0          0          0          0   entry2.o
         4          0          0          0          0          0   entry5.o
         0          0          0          0          0          0   entry7b.o
         0          0          0          0          0          0   entry8b.o
         8          4          0          0          0          0   entry9a.o
        30          0          0          0          0          0   handlers.o
        36          8          0          0          0         68   init.o
        30          0          0          0          0         68   llshl.o
        32          0          0          0          0         68   llushr.o
        36          0          0          0          0         68   memcpya.o
      1154         54          0          0          0        352   printf8.o
        98          0          0          0          0         92   uldiv.o

    ----------------------------------------------------------------------
      1440         70          0          0          0        716   Library Totals
         4          0          0          0          0          0   (incl. Padding)

    ----------------------------------------------------------------------

      Code (inc. data)   RO Data    RW Data    ZI Data      Debug   Library Name

      1436         70          0          0          0        716   mc_w.l

    ----------------------------------------------------------------------
      1440         70          0          0          0        716   Library Totals

    ----------------------------------------------------------------------

==============================================================================


      Code (inc. data)   RO Data    RW Data    ZI Data      Debug   

      6424       1252       1136         60       2052     236097   Grand Totals
      6424       1252       1136         60       2052     236097   ELF Image Totals
      6424       1252       1136         60          0          0   ROM Totals

==============================================================================

    Total RO  Size (Code + RO Data)                 7560 (   7.38kB)
    Total RW  Size (RW Data + ZI Data)              2112 (   2.06kB)
    Total ROM Size (Code + RO Data + RW Data)       7620 (   7.44kB)

==============================================================================

