Component: ARM Compiler 5.06 update 6 (build 750) Tool: armlink [4d35ed]

==============================================================================

Small function inlining results

Inlined total of 0 calls.

==============================================================================

Image Symbol Table

    Local Symbols

    Symbol Name                              Value     Ov Type        Size  Object(Section)

    ../clib/microlib/division.c              0x00000000   Number         0  uldiv.o ABSOLUTE
    ../clib/microlib/division.c              0x00000000   Number         0  uidiv.o ABSOLUTE
    ../clib/microlib/init/entry.s            0x00000000   Number         0  entry.o ABSOLUTE
    ../clib/microlib/init/entry.s            0x00000000   Number         0  entry8b.o ABSOLUTE
    ../clib/microlib/init/entry.s            0x00000000   Number         0  entry9a.o ABSOLUTE
    ../clib/microlib/init/entry.s            0x00000000   Number         0  entry9b.o ABSOLUTE
    ../clib/microlib/init/entry.s            0x00000000   Number         0  entry2.o ABSOLUTE
    ../clib/microlib/init/entry.s            0x00000000   Number         0  entry7b.o ABSOLUTE
    ../clib/microlib/init/entry.s            0x00000000   Number         0  entry5.o ABSOLUTE
    ../clib/microlib/init/entry.s            0x00000000   Number         0  entry11b.o ABSOLUTE
    ../clib/microlib/init/entry.s            0x00000000   Number         0  entry10a.o ABSOLUTE
    ../clib/microlib/init/entry.s            0x00000000   Number         0  entry11a.o ABSOLUTE
    ../clib/microlib/init/entry.s            0x00000000   Number         0  entry7a.o ABSOLUTE
    ../clib/microlib/init/entry.s            0x00000000   Number         0  entry8a.o ABSOLUTE
    ../clib/microlib/init/entry.s            0x00000000   Number         0  entry10b.o ABSOLUTE
    ../clib/microlib/longlong.c              0x00000000   Number         0  llushr.o ABSOLUTE
    ../clib/microlib/longlong.c              0x00000000   Number         0  llshl.o ABSOLUTE
    ../clib/microlib/longlong.c              0x00000000   Number         0  llsshr.o ABSOLUTE
    ../clib/microlib/printf/printf.c         0x00000000   Number         0  printf7.o ABSOLUTE
    ../clib/microlib/printf/printf.c         0x00000000   Number         0  printf5.o ABSOLUTE
    ../clib/microlib/printf/printf.c         0x00000000   Number         0  printf4.o ABSOLUTE
    ../clib/microlib/printf/printf.c         0x00000000   Number         0  printf3.o ABSOLUTE
    ../clib/microlib/printf/printf.c         0x00000000   Number         0  printf2.o ABSOLUTE
    ../clib/microlib/printf/printf.c         0x00000000   Number         0  printf1.o ABSOLUTE
    ../clib/microlib/printf/printf.c         0x00000000   Number         0  printfb.o ABSOLUTE
    ../clib/microlib/printf/printf.c         0x00000000   Number         0  printf6.o ABSOLUTE
    ../clib/microlib/printf/printf.c         0x00000000   Number         0  printfa.o ABSOLUTE
    ../clib/microlib/printf/printf.c         0x00000000   Number         0  printf0.o ABSOLUTE
    ../clib/microlib/printf/printf.c         0x00000000   Number         0  printf8.o ABSOLUTE
    ../clib/microlib/printf/stubs.s          0x00000000   Number         0  stubs.o ABSOLUTE
    ../clib/microlib/string/memcpy.c         0x00000000   Number         0  memcpyb.o ABSOLUTE
    ../clib/microlib/string/memcpy.c         0x00000000   Number         0  memcpya.o ABSOLUTE
    ../clib/microlib/stubs.s                 0x00000000   Number         0  iusefp.o ABSOLUTE
    ../fplib/microlib/fpadd.c                0x00000000   Number         0  dadd.o ABSOLUTE
    ../fplib/microlib/fpdiv.c                0x00000000   Number         0  ddiv.o ABSOLUTE
    ../fplib/microlib/fpepilogue.c           0x00000000   Number         0  depilogue.o ABSOLUTE
    ../fplib/microlib/fpfix.c                0x00000000   Number         0  dfixul.o ABSOLUTE
    ../fplib/microlib/fpmul.c                0x00000000   Number         0  dmul.o ABSOLUTE
    ..\..\..\Library\Device\Nuvoton\M480\Source\ARM\startup_M480.s 0x00000000   Number         0  startup_m480.o ABSOLUTE
    ..\..\..\Library\Device\Nuvoton\M480\Source\system_M480.c 0x00000000   Number         0  system_m480.o ABSOLUTE
    ..\..\..\Library\StdDriver\src\clk.c     0x00000000   Number         0  clk.o ABSOLUTE
    ..\..\..\Library\StdDriver\src\gpio.c    0x00000000   Number         0  gpio.o ABSOLUTE
    ..\..\..\Library\StdDriver\src\retarget.c 0x00000000   Number         0  retarget.o ABSOLUTE
    ..\..\..\Library\StdDriver\src\rtc.c     0x00000000   Number         0  rtc.o ABSOLUTE
    ..\..\..\Library\StdDriver\src\sys.c     0x00000000   Number         0  sys.o ABSOLUTE
    ..\..\..\Library\StdDriver\src\timer.c   0x00000000   Number         0  timer.o ABSOLUTE
    ..\..\..\Library\StdDriver\src\uart.c    0x00000000   Number         0  uart.o ABSOLUTE
    ..\\..\\..\\Library\\Device\\Nuvoton\\M480\\Source\\system_M480.c 0x00000000   Number         0  system_m480.o ABSOLUTE
    ..\\..\\..\\Library\\StdDriver\\src\\clk.c 0x00000000   Number         0  clk.o ABSOLUTE
    ..\\..\\..\\Library\\StdDriver\\src\\gpio.c 0x00000000   Number         0  gpio.o ABSOLUTE
    ..\\..\\..\\Library\\StdDriver\\src\\retarget.c 0x00000000   Number         0  retarget.o ABSOLUTE
    ..\\..\\..\\Library\\StdDriver\\src\\rtc.c 0x00000000   Number         0  rtc.o ABSOLUTE
    ..\\..\\..\\Library\\StdDriver\\src\\sys.c 0x00000000   Number         0  sys.o ABSOLUTE
    ..\\..\\..\\Library\\StdDriver\\src\\timer.c 0x00000000   Number         0  timer.o ABSOLUTE
    ..\\..\\..\\Library\\StdDriver\\src\\uart.c 0x00000000   Number         0  uart.o ABSOLUTE
    ..\\main.c                               0x00000000   Number         0  main.o ABSOLUTE
    ..\main.c                                0x00000000   Number         0  main.o ABSOLUTE
    cdrcmple.s                               0x00000000   Number         0  cdrcmple.o ABSOLUTE
    handlers.s                               0x00000000   Number         0  handlers.o ABSOLUTE
    init.s                                   0x00000000   Number         0  init.o ABSOLUTE
    RESET                                    0x00008000   Section      500  startup_m480.o(RESET)
    .ARM.Collect$$$$00000000                 0x000081f4   Section        0  entry.o(.ARM.Collect$$$$00000000)
    .ARM.Collect$$$$00000001                 0x000081f4   Section        4  entry2.o(.ARM.Collect$$$$00000001)
    .ARM.Collect$$$$00000004                 0x000081f8   Section        4  entry5.o(.ARM.Collect$$$$00000004)
    .ARM.Collect$$$$00000008                 0x000081fc   Section        0  entry7b.o(.ARM.Collect$$$$00000008)
    .ARM.Collect$$$$0000000A                 0x000081fc   Section        0  entry8b.o(.ARM.Collect$$$$0000000A)
    .ARM.Collect$$$$0000000B                 0x000081fc   Section        8  entry9a.o(.ARM.Collect$$$$0000000B)
    .ARM.Collect$$$$0000000D                 0x00008204   Section        0  entry10a.o(.ARM.Collect$$$$0000000D)
    .ARM.Collect$$$$0000000F                 0x00008204   Section        0  entry11a.o(.ARM.Collect$$$$0000000F)
    .ARM.Collect$$$$00002712                 0x00008204   Section        4  entry2.o(.ARM.Collect$$$$00002712)
    __lit__00000000                          0x00008204   Data           4  entry2.o(.ARM.Collect$$$$00002712)
    .emb_text                                0x00008208   Section       28  retarget.o(.emb_text)
    $v0                                      0x00008208   Number         0  retarget.o(.emb_text)
    .text                                    0x00008224   Section      104  startup_m480.o(.text)
    $v0                                      0x00008224   Number         0  startup_m480.o(.text)
    Default_Handler                          0x00008277   Thumb Code     2  startup_m480.o(.text)
    .text                                    0x0000828c   Section        0  uldiv.o(.text)
    .text                                    0x000082ee   Section        0  memcpya.o(.text)
    .text                                    0x00008312   Section        0  llshl.o(.text)
    .text                                    0x00008330   Section        0  llushr.o(.text)
    .text                                    0x00008350   Section       36  init.o(.text)
    i.CLK_DisablePLL                         0x00008374   Section        0  clk.o(i.CLK_DisablePLL)
    i.CLK_EnableModuleClock                  0x00008388   Section        0  clk.o(i.CLK_EnableModuleClock)
    i.CLK_EnablePLL                          0x000083a4   Section        0  clk.o(i.CLK_EnablePLL)
    i.CLK_EnableXtalRC                       0x000084f8   Section        0  clk.o(i.CLK_EnableXtalRC)
    i.CLK_GetCPUFreq                         0x00008508   Section        0  clk.o(i.CLK_GetCPUFreq)
    i.CLK_GetHXTFreq                         0x00008518   Section        0  clk.o(i.CLK_GetHXTFreq)
    i.CLK_GetLXTFreq                         0x0000852c   Section        0  clk.o(i.CLK_GetLXTFreq)
    i.CLK_GetPCLK0Freq                       0x00008544   Section        0  clk.o(i.CLK_GetPCLK0Freq)
    i.CLK_GetPCLK1Freq                       0x000085a8   Section        0  clk.o(i.CLK_GetPCLK1Freq)
    i.CLK_GetPLLClockFreq                    0x00008610   Section        0  clk.o(i.CLK_GetPLLClockFreq)
    i.CLK_SetCoreClock                       0x00008660   Section        0  clk.o(i.CLK_SetCoreClock)
    i.CLK_SetHCLK                            0x000086e4   Section        0  clk.o(i.CLK_SetHCLK)
    i.CLK_SetModuleClock                     0x00008748   Section        0  clk.o(i.CLK_SetModuleClock)
    i.CLK_WaitClockReady                     0x000087dc   Section        0  clk.o(i.CLK_WaitClockReady)
    i.Custom_Init                            0x00008808   Section        0  main.o(i.Custom_Init)
    i.GPIO_SetMode                           0x00008850   Section        0  gpio.o(i.GPIO_SetMode)
    i.Hard_Fault_Handler                     0x0000887c   Section        0  retarget.o(i.Hard_Fault_Handler)
    __tagsym$$used                           0x0000887d   Number         0  retarget.o(i.Hard_Fault_Handler)
    i.NVIC_EnableIRQ                         0x000088a4   Section        0  main.o(i.NVIC_EnableIRQ)
    NVIC_EnableIRQ                           0x000088a5   Thumb Code    22  main.o(i.NVIC_EnableIRQ)
    i.NVIC_SystemReset                       0x000088bc   Section        0  main.o(i.NVIC_SystemReset)
    NVIC_SystemReset                         0x000088bd   Thumb Code    26  main.o(i.NVIC_SystemReset)
    i.RTC_EnableSpareAccess                  0x000088e0   Section        0  rtc.o(i.RTC_EnableSpareAccess)
    i.RTC_WaitAccessEnable                   0x000088f8   Section        0  rtc.o(i.RTC_WaitAccessEnable)
    RTC_WaitAccessEnable                     0x000088f9   Thumb Code    34  rtc.o(i.RTC_WaitAccessEnable)
    i.SYS_Init                               0x00008920   Section        0  main.o(i.SYS_Init)
    i.SYS_ResetChip                          0x000089dc   Section        0  sys.o(i.SYS_ResetChip)
    i.SYS_ResetModule                        0x000089ec   Section        0  sys.o(i.SYS_ResetModule)
    i.SYS_UnlockReg                          0x00008a04   Section        0  main.o(i.SYS_UnlockReg)
    SYS_UnlockReg                            0x00008a05   Thumb Code    32  main.o(i.SYS_UnlockReg)
    i.SendChar                               0x00008a24   Section        0  retarget.o(i.SendChar)
    SendChar                                 0x00008a25   Thumb Code    26  retarget.o(i.SendChar)
    i.SystemCoreClockUpdate                  0x00008a44   Section        0  system_m480.o(i.SystemCoreClockUpdate)
    i.SystemInit                             0x00008a8c   Section        0  system_m480.o(i.SystemInit)
    i.TIMER1_Init                            0x00008b04   Section        0  main.o(i.TIMER1_Init)
    i.TIMER_GetModuleClock                   0x00008b34   Section        0  timer.o(i.TIMER_GetModuleClock)
    i.TIMER_Open                             0x00008bac   Section        0  timer.o(i.TIMER_Open)
    i.TMR1_IRQHandler                        0x00008be4   Section        0  main.o(i.TMR1_IRQHandler)
    i.UART0_IRQHandler                       0x00008c50   Section        0  main.o(i.UART0_IRQHandler)
    i.UART0_Init                             0x00008c84   Section        0  main.o(i.UART0_Init)
    i.UART_ClearIntFlag                      0x00008dc8   Section        0  uart.o(i.UART_ClearIntFlag)
    i.UART_Open                              0x00008e04   Section        0  uart.o(i.UART_Open)
    i.UART_SetTimeoutCnt                     0x00008f1c   Section        0  uart.o(i.UART_SetTimeoutCnt)
    i.UARTx_Process                          0x00008f30   Section        0  main.o(i.UARTx_Process)
    i.__0printf$8                            0x00008fcc   Section        0  printf8.o(i.__0printf$8)
    i.__scatterload_copy                     0x00008fec   Section       14  handlers.o(i.__scatterload_copy)
    i.__scatterload_null                     0x00008ffa   Section        2  handlers.o(i.__scatterload_null)
    i.__scatterload_zeroinit                 0x00008ffc   Section       14  handlers.o(i.__scatterload_zeroinit)
    i._printf_core                           0x0000900c   Section        0  printf8.o(i._printf_core)
    _printf_core                             0x0000900d   Thumb Code   996  printf8.o(i._printf_core)
    i._printf_post_padding                   0x0000941c   Section        0  printf8.o(i._printf_post_padding)
    _printf_post_padding                     0x0000941d   Thumb Code    36  printf8.o(i._printf_post_padding)
    i._printf_pre_padding                    0x00009440   Section        0  printf8.o(i._printf_pre_padding)
    _printf_pre_padding                      0x00009441   Thumb Code    46  printf8.o(i._printf_pre_padding)
    i.fputc                                  0x0000946e   Section        0  retarget.o(i.fputc)
    i.main                                   0x0000947a   Section        0  main.o(i.main)
    i.rtc_write_magic_tag                    0x0000948c   Section        0  main.o(i.rtc_write_magic_tag)
    i.stackDump                              0x000094d0   Section        0  retarget.o(i.stackDump)
    stackDump                                0x000094d1   Thumb Code    72  retarget.o(i.stackDump)
    i.tick_counter                           0x00009578   Section        0  main.o(i.tick_counter)
    .constdata                               0x00009588   Section       48  uart.o(.constdata)
    .constdata                               0x000095b8   Section       32  timer.o(.constdata)
    .constdata                               0x000095d8   Section       31  main.o(.constdata)
    __FUNCTION__                             0x000095d8   Data          15  main.o(.constdata)
    __FUNCTION__                             0x000095e7   Data          16  main.o(.constdata)
    .data                                    0x20000000   Section       44  system_m480.o(.data)
    .data                                    0x2000002c   Section        4  retarget.o(.data)
    .data                                    0x20000030   Section       12  main.o(.data)
    LOG                                      0x20000038   Data           4  main.o(.data)
    STACK                                    0x20000040   Section     2048  startup_m480.o(STACK)

    Global Symbols

    Symbol Name                              Value     Ov Type        Size  Object(Section)

    BuildAttributes$$THM_ISAv4$E$P$D$K$B$S$7EM$VFPi3$EXTD16$VFPS$VFMA$PE$A:L22UL41UL21$X:L11$S22US41US21$IEEE1$IW$USESV6$~STKCKD$USESV7$~SHL$OSPACE$ROPI$EBA8$MICROLIB$REQ8$PRES8$EABIv2 0x00000000   Number         0  anon$$obj.o ABSOLUTE
    __ARM_use_no_argv                        0x00000000   Number         0  main.o ABSOLUTE
    _printf_a                                0x00000000   Number         0  stubs.o ABSOLUTE
    _printf_c                                0x00000000   Number         0  stubs.o ABSOLUTE
    _printf_charcount                        0x00000000   Number         0  stubs.o ABSOLUTE
    _printf_d                                0x00000000   Number         0  stubs.o ABSOLUTE
    _printf_e                                0x00000000   Number         0  stubs.o ABSOLUTE
    _printf_f                                0x00000000   Number         0  stubs.o ABSOLUTE
    _printf_flags                            0x00000000   Number         0  stubs.o ABSOLUTE
    _printf_fp_dec                           0x00000000   Number         0  stubs.o ABSOLUTE
    _printf_fp_hex                           0x00000000   Number         0  stubs.o ABSOLUTE
    _printf_g                                0x00000000   Number         0  stubs.o ABSOLUTE
    _printf_i                                0x00000000   Number         0  stubs.o ABSOLUTE
    _printf_int_dec                          0x00000000   Number         0  stubs.o ABSOLUTE
    _printf_l                                0x00000000   Number         0  stubs.o ABSOLUTE
    _printf_lc                               0x00000000   Number         0  stubs.o ABSOLUTE
    _printf_ll                               0x00000000   Number         0  stubs.o ABSOLUTE
    _printf_lld                              0x00000000   Number         0  stubs.o ABSOLUTE
    _printf_lli                              0x00000000   Number         0  stubs.o ABSOLUTE
    _printf_llo                              0x00000000   Number         0  stubs.o ABSOLUTE
    _printf_llu                              0x00000000   Number         0  stubs.o ABSOLUTE
    _printf_llx                              0x00000000   Number         0  stubs.o ABSOLUTE
    _printf_longlong_dec                     0x00000000   Number         0  stubs.o ABSOLUTE
    _printf_longlong_hex                     0x00000000   Number         0  stubs.o ABSOLUTE
    _printf_longlong_oct                     0x00000000   Number         0  stubs.o ABSOLUTE
    _printf_ls                               0x00000000   Number         0  stubs.o ABSOLUTE
    _printf_mbtowc                           0x00000000   Number         0  stubs.o ABSOLUTE
    _printf_n                                0x00000000   Number         0  stubs.o ABSOLUTE
    _printf_o                                0x00000000   Number         0  stubs.o ABSOLUTE
    _printf_p                                0x00000000   Number         0  stubs.o ABSOLUTE
    _printf_percent                          0x00000000   Number         0  stubs.o ABSOLUTE
    _printf_pre_padding                      0x00000000   Number         0  stubs.o ABSOLUTE
    _printf_return_value                     0x00000000   Number         0  stubs.o ABSOLUTE
    _printf_s                                0x00000000   Number         0  stubs.o ABSOLUTE
    _printf_sizespec                         0x00000000   Number         0  stubs.o ABSOLUTE
    _printf_str                              0x00000000   Number         0  stubs.o ABSOLUTE
    _printf_truncate_signed                  0x00000000   Number         0  stubs.o ABSOLUTE
    _printf_truncate_unsigned                0x00000000   Number         0  stubs.o ABSOLUTE
    _printf_u                                0x00000000   Number         0  stubs.o ABSOLUTE
    _printf_wc                               0x00000000   Number         0  stubs.o ABSOLUTE
    _printf_wctomb                           0x00000000   Number         0  stubs.o ABSOLUTE
    _printf_widthprec                        0x00000000   Number         0  stubs.o ABSOLUTE
    _printf_x                                0x00000000   Number         0  stubs.o ABSOLUTE
    __cpp_initialize__aeabi_                  - Undefined Weak Reference
    __cxa_finalize                            - Undefined Weak Reference
    __decompress                              - Undefined Weak Reference
    _clock_init                               - Undefined Weak Reference
    _microlib_exit                            - Undefined Weak Reference
    __Vectors_Size                           0x000001f4   Number         0  startup_m480.o ABSOLUTE
    __Vectors                                0x00008000   Data           4  startup_m480.o(RESET)
    __Vectors_End                            0x000081f4   Data           0  startup_m480.o(RESET)
    __main                                   0x000081f5   Thumb Code     0  entry.o(.ARM.Collect$$$$00000000)
    _main_stk                                0x000081f5   Thumb Code     0  entry2.o(.ARM.Collect$$$$00000001)
    _main_scatterload                        0x000081f9   Thumb Code     0  entry5.o(.ARM.Collect$$$$00000004)
    __main_after_scatterload                 0x000081fd   Thumb Code     0  entry5.o(.ARM.Collect$$$$00000004)
    _main_clock                              0x000081fd   Thumb Code     0  entry7b.o(.ARM.Collect$$$$00000008)
    _main_cpp_init                           0x000081fd   Thumb Code     0  entry8b.o(.ARM.Collect$$$$0000000A)
    _main_init                               0x000081fd   Thumb Code     0  entry9a.o(.ARM.Collect$$$$0000000B)
    __rt_final_cpp                           0x00008205   Thumb Code     0  entry10a.o(.ARM.Collect$$$$0000000D)
    __rt_final_exit                          0x00008205   Thumb Code     0  entry11a.o(.ARM.Collect$$$$0000000F)
    HardFault_Handler                        0x00008209   Thumb Code    24  retarget.o(.emb_text)
    Reset_Handler                            0x00008225   Thumb Code    64  startup_m480.o(.text)
    NMI_Handler                              0x00008265   Thumb Code     2  startup_m480.o(.text)
    MemManage_Handler                        0x00008269   Thumb Code     2  startup_m480.o(.text)
    BusFault_Handler                         0x0000826b   Thumb Code     2  startup_m480.o(.text)
    UsageFault_Handler                       0x0000826d   Thumb Code     2  startup_m480.o(.text)
    SVC_Handler                              0x0000826f   Thumb Code     2  startup_m480.o(.text)
    DebugMon_Handler                         0x00008271   Thumb Code     2  startup_m480.o(.text)
    PendSV_Handler                           0x00008273   Thumb Code     2  startup_m480.o(.text)
    SysTick_Handler                          0x00008275   Thumb Code     2  startup_m480.o(.text)
    ACMP01_IRQHandler                        0x00008277   Thumb Code     0  startup_m480.o(.text)
    BOD_IRQHandler                           0x00008277   Thumb Code     0  startup_m480.o(.text)
    BPWM0_IRQHandler                         0x00008277   Thumb Code     0  startup_m480.o(.text)
    BPWM1_IRQHandler                         0x00008277   Thumb Code     0  startup_m480.o(.text)
    BRAKE0_IRQHandler                        0x00008277   Thumb Code     0  startup_m480.o(.text)
    BRAKE1_IRQHandler                        0x00008277   Thumb Code     0  startup_m480.o(.text)
    CAN0_IRQHandler                          0x00008277   Thumb Code     0  startup_m480.o(.text)
    CAN1_IRQHandler                          0x00008277   Thumb Code     0  startup_m480.o(.text)
    CAN2_IRQHandler                          0x00008277   Thumb Code     0  startup_m480.o(.text)
    CCAP_IRQHandler                          0x00008277   Thumb Code     0  startup_m480.o(.text)
    CKFAIL_IRQHandler                        0x00008277   Thumb Code     0  startup_m480.o(.text)
    CRYPTO_IRQHandler                        0x00008277   Thumb Code     0  startup_m480.o(.text)
    DAC_IRQHandler                           0x00008277   Thumb Code     0  startup_m480.o(.text)
    EADC00_IRQHandler                        0x00008277   Thumb Code     0  startup_m480.o(.text)
    EADC01_IRQHandler                        0x00008277   Thumb Code     0  startup_m480.o(.text)
    EADC02_IRQHandler                        0x00008277   Thumb Code     0  startup_m480.o(.text)
    EADC03_IRQHandler                        0x00008277   Thumb Code     0  startup_m480.o(.text)
    EADC10_IRQHandler                        0x00008277   Thumb Code     0  startup_m480.o(.text)
    EADC11_IRQHandler                        0x00008277   Thumb Code     0  startup_m480.o(.text)
    EADC12_IRQHandler                        0x00008277   Thumb Code     0  startup_m480.o(.text)
    EADC13_IRQHandler                        0x00008277   Thumb Code     0  startup_m480.o(.text)
    ECAP0_IRQHandler                         0x00008277   Thumb Code     0  startup_m480.o(.text)
    ECAP1_IRQHandler                         0x00008277   Thumb Code     0  startup_m480.o(.text)
    EHCI_IRQHandler                          0x00008277   Thumb Code     0  startup_m480.o(.text)
    EINT0_IRQHandler                         0x00008277   Thumb Code     0  startup_m480.o(.text)
    EINT1_IRQHandler                         0x00008277   Thumb Code     0  startup_m480.o(.text)
    EINT2_IRQHandler                         0x00008277   Thumb Code     0  startup_m480.o(.text)
    EINT3_IRQHandler                         0x00008277   Thumb Code     0  startup_m480.o(.text)
    EINT4_IRQHandler                         0x00008277   Thumb Code     0  startup_m480.o(.text)
    EINT5_IRQHandler                         0x00008277   Thumb Code     0  startup_m480.o(.text)
    EINT6_IRQHandler                         0x00008277   Thumb Code     0  startup_m480.o(.text)
    EINT7_IRQHandler                         0x00008277   Thumb Code     0  startup_m480.o(.text)
    EMAC_RX_IRQHandler                       0x00008277   Thumb Code     0  startup_m480.o(.text)
    EMAC_TX_IRQHandler                       0x00008277   Thumb Code     0  startup_m480.o(.text)
    EPWM0P0_IRQHandler                       0x00008277   Thumb Code     0  startup_m480.o(.text)
    EPWM0P1_IRQHandler                       0x00008277   Thumb Code     0  startup_m480.o(.text)
    EPWM0P2_IRQHandler                       0x00008277   Thumb Code     0  startup_m480.o(.text)
    EPWM1P0_IRQHandler                       0x00008277   Thumb Code     0  startup_m480.o(.text)
    EPWM1P1_IRQHandler                       0x00008277   Thumb Code     0  startup_m480.o(.text)
    EPWM1P2_IRQHandler                       0x00008277   Thumb Code     0  startup_m480.o(.text)
    GPA_IRQHandler                           0x00008277   Thumb Code     0  startup_m480.o(.text)
    GPB_IRQHandler                           0x00008277   Thumb Code     0  startup_m480.o(.text)
    GPC_IRQHandler                           0x00008277   Thumb Code     0  startup_m480.o(.text)
    GPD_IRQHandler                           0x00008277   Thumb Code     0  startup_m480.o(.text)
    GPE_IRQHandler                           0x00008277   Thumb Code     0  startup_m480.o(.text)
    GPF_IRQHandler                           0x00008277   Thumb Code     0  startup_m480.o(.text)
    GPG_IRQHandler                           0x00008277   Thumb Code     0  startup_m480.o(.text)
    GPH_IRQHandler                           0x00008277   Thumb Code     0  startup_m480.o(.text)
    I2C0_IRQHandler                          0x00008277   Thumb Code     0  startup_m480.o(.text)
    I2C1_IRQHandler                          0x00008277   Thumb Code     0  startup_m480.o(.text)
    I2C2_IRQHandler                          0x00008277   Thumb Code     0  startup_m480.o(.text)
    I2S0_IRQHandler                          0x00008277   Thumb Code     0  startup_m480.o(.text)
    IRC_IRQHandler                           0x00008277   Thumb Code     0  startup_m480.o(.text)
    OHCI_IRQHandler                          0x00008277   Thumb Code     0  startup_m480.o(.text)
    OPA0_IRQHandler                          0x00008277   Thumb Code     0  startup_m480.o(.text)
    PDMA_IRQHandler                          0x00008277   Thumb Code     0  startup_m480.o(.text)
    PWRWU_IRQHandler                         0x00008277   Thumb Code     0  startup_m480.o(.text)
    QEI0_IRQHandler                          0x00008277   Thumb Code     0  startup_m480.o(.text)
    QEI1_IRQHandler                          0x00008277   Thumb Code     0  startup_m480.o(.text)
    QSPI0_IRQHandler                         0x00008277   Thumb Code     0  startup_m480.o(.text)
    QSPI1_IRQHandler                         0x00008277   Thumb Code     0  startup_m480.o(.text)
    RAMPE_IRQHandler                         0x00008277   Thumb Code     0  startup_m480.o(.text)
    RTC_IRQHandler                           0x00008277   Thumb Code     0  startup_m480.o(.text)
    SC0_IRQHandler                           0x00008277   Thumb Code     0  startup_m480.o(.text)
    SC1_IRQHandler                           0x00008277   Thumb Code     0  startup_m480.o(.text)
    SC2_IRQHandler                           0x00008277   Thumb Code     0  startup_m480.o(.text)
    SDH0_IRQHandler                          0x00008277   Thumb Code     0  startup_m480.o(.text)
    SDH1_IRQHandler                          0x00008277   Thumb Code     0  startup_m480.o(.text)
    SPI0_IRQHandler                          0x00008277   Thumb Code     0  startup_m480.o(.text)
    SPI1_IRQHandler                          0x00008277   Thumb Code     0  startup_m480.o(.text)
    SPI2_IRQHandler                          0x00008277   Thumb Code     0  startup_m480.o(.text)
    SPI3_IRQHandler                          0x00008277   Thumb Code     0  startup_m480.o(.text)
    SPIM_IRQHandler                          0x00008277   Thumb Code     0  startup_m480.o(.text)
    TAMPER_IRQHandler                        0x00008277   Thumb Code     0  startup_m480.o(.text)
    TMR0_IRQHandler                          0x00008277   Thumb Code     0  startup_m480.o(.text)
    TMR2_IRQHandler                          0x00008277   Thumb Code     0  startup_m480.o(.text)
    TMR3_IRQHandler                          0x00008277   Thumb Code     0  startup_m480.o(.text)
    TRNG_IRQHandler                          0x00008277   Thumb Code     0  startup_m480.o(.text)
    UART1_IRQHandler                         0x00008277   Thumb Code     0  startup_m480.o(.text)
    UART2_IRQHandler                         0x00008277   Thumb Code     0  startup_m480.o(.text)
    UART3_IRQHandler                         0x00008277   Thumb Code     0  startup_m480.o(.text)
    UART4_IRQHandler                         0x00008277   Thumb Code     0  startup_m480.o(.text)
    UART5_IRQHandler                         0x00008277   Thumb Code     0  startup_m480.o(.text)
    UART6_IRQHandler                         0x00008277   Thumb Code     0  startup_m480.o(.text)
    UART7_IRQHandler                         0x00008277   Thumb Code     0  startup_m480.o(.text)
    USBD20_IRQHandler                        0x00008277   Thumb Code     0  startup_m480.o(.text)
    USBD_IRQHandler                          0x00008277   Thumb Code     0  startup_m480.o(.text)
    USBOTG20_IRQHandler                      0x00008277   Thumb Code     0  startup_m480.o(.text)
    USBOTG_IRQHandler                        0x00008277   Thumb Code     0  startup_m480.o(.text)
    USCI0_IRQHandler                         0x00008277   Thumb Code     0  startup_m480.o(.text)
    USCI1_IRQHandler                         0x00008277   Thumb Code     0  startup_m480.o(.text)
    WDT_IRQHandler                           0x00008277   Thumb Code     0  startup_m480.o(.text)
    WWDT_IRQHandler                          0x00008277   Thumb Code     0  startup_m480.o(.text)
    __aeabi_uldivmod                         0x0000828d   Thumb Code    98  uldiv.o(.text)
    __aeabi_memcpy                           0x000082ef   Thumb Code    36  memcpya.o(.text)
    __aeabi_memcpy4                          0x000082ef   Thumb Code     0  memcpya.o(.text)
    __aeabi_memcpy8                          0x000082ef   Thumb Code     0  memcpya.o(.text)
    __aeabi_llsl                             0x00008313   Thumb Code    30  llshl.o(.text)
    _ll_shift_l                              0x00008313   Thumb Code     0  llshl.o(.text)
    __aeabi_llsr                             0x00008331   Thumb Code    32  llushr.o(.text)
    _ll_ushift_r                             0x00008331   Thumb Code     0  llushr.o(.text)
    __scatterload                            0x00008351   Thumb Code    28  init.o(.text)
    __scatterload_rt2                        0x00008351   Thumb Code     0  init.o(.text)
    CLK_DisablePLL                           0x00008375   Thumb Code    18  clk.o(i.CLK_DisablePLL)
    CLK_EnableModuleClock                    0x00008389   Thumb Code    24  clk.o(i.CLK_EnableModuleClock)
    CLK_EnablePLL                            0x000083a5   Thumb Code   308  clk.o(i.CLK_EnablePLL)
    CLK_EnableXtalRC                         0x000084f9   Thumb Code    16  clk.o(i.CLK_EnableXtalRC)
    CLK_GetCPUFreq                           0x00008509   Thumb Code    12  clk.o(i.CLK_GetCPUFreq)
    CLK_GetHXTFreq                           0x00008519   Thumb Code    16  clk.o(i.CLK_GetHXTFreq)
    CLK_GetLXTFreq                           0x0000852d   Thumb Code    22  clk.o(i.CLK_GetLXTFreq)
    CLK_GetPCLK0Freq                         0x00008545   Thumb Code    96  clk.o(i.CLK_GetPCLK0Freq)
    CLK_GetPCLK1Freq                         0x000085a9   Thumb Code    98  clk.o(i.CLK_GetPCLK1Freq)
    CLK_GetPLLClockFreq                      0x00008611   Thumb Code    66  clk.o(i.CLK_GetPLLClockFreq)
    CLK_SetCoreClock                         0x00008661   Thumb Code   128  clk.o(i.CLK_SetCoreClock)
    CLK_SetHCLK                              0x000086e5   Thumb Code    98  clk.o(i.CLK_SetHCLK)
    CLK_SetModuleClock                       0x00008749   Thumb Code   140  clk.o(i.CLK_SetModuleClock)
    CLK_WaitClockReady                       0x000087dd   Thumb Code    38  clk.o(i.CLK_WaitClockReady)
    Custom_Init                              0x00008809   Thumb Code    66  main.o(i.Custom_Init)
    GPIO_SetMode                             0x00008851   Thumb Code    44  gpio.o(i.GPIO_SetMode)
    Hard_Fault_Handler                       0x0000887d   Thumb Code    16  retarget.o(i.Hard_Fault_Handler)
    RTC_EnableSpareAccess                    0x000088e1   Thumb Code    18  rtc.o(i.RTC_EnableSpareAccess)
    SYS_Init                                 0x00008921   Thumb Code   170  main.o(i.SYS_Init)
    SYS_ResetChip                            0x000089dd   Thumb Code    14  sys.o(i.SYS_ResetChip)
    SYS_ResetModule                          0x000089ed   Thumb Code    20  sys.o(i.SYS_ResetModule)
    SystemCoreClockUpdate                    0x00008a45   Thumb Code    64  system_m480.o(i.SystemCoreClockUpdate)
    SystemInit                               0x00008a8d   Thumb Code   108  system_m480.o(i.SystemInit)
    TIMER1_Init                              0x00008b05   Thumb Code    42  main.o(i.TIMER1_Init)
    TIMER_GetModuleClock                     0x00008b35   Thumb Code   102  timer.o(i.TIMER_GetModuleClock)
    TIMER_Open                               0x00008bad   Thumb Code    54  timer.o(i.TIMER_Open)
    TMR1_IRQHandler                          0x00008be5   Thumb Code    68  main.o(i.TMR1_IRQHandler)
    UART0_IRQHandler                         0x00008c51   Thumb Code    48  main.o(i.UART0_IRQHandler)
    UART0_Init                               0x00008c85   Thumb Code   124  main.o(i.UART0_Init)
    UART_ClearIntFlag                        0x00008dc9   Thumb Code    56  uart.o(i.UART_ClearIntFlag)
    UART_Open                                0x00008e05   Thumb Code   246  uart.o(i.UART_Open)
    UART_SetTimeoutCnt                       0x00008f1d   Thumb Code    20  uart.o(i.UART_SetTimeoutCnt)
    UARTx_Process                            0x00008f31   Thumb Code    90  main.o(i.UARTx_Process)
    __0printf$8                              0x00008fcd   Thumb Code    22  printf8.o(i.__0printf$8)
    __1printf$8                              0x00008fcd   Thumb Code     0  printf8.o(i.__0printf$8)
    __2printf                                0x00008fcd   Thumb Code     0  printf8.o(i.__0printf$8)
    __scatterload_copy                       0x00008fed   Thumb Code    14  handlers.o(i.__scatterload_copy)
    __scatterload_null                       0x00008ffb   Thumb Code     2  handlers.o(i.__scatterload_null)
    __scatterload_zeroinit                   0x00008ffd   Thumb Code    14  handlers.o(i.__scatterload_zeroinit)
    fputc                                    0x0000946f   Thumb Code    12  retarget.o(i.fputc)
    main                                     0x0000947b   Thumb Code    18  main.o(i.main)
    rtc_write_magic_tag                      0x0000948d   Thumb Code    36  main.o(i.rtc_write_magic_tag)
    tick_counter                             0x00009579   Thumb Code    10  main.o(i.tick_counter)
    Region$$Table$$Base                      0x000095f8   Number         0  anon$$obj.o(Region$$Table)
    Region$$Table$$Limit                     0x00009618   Number         0  anon$$obj.o(Region$$Table)
    SystemCoreClock                          0x20000000   Data           4  system_m480.o(.data)
    CyclesPerUs                              0x20000004   Data           4  system_m480.o(.data)
    PllClock                                 0x20000008   Data           4  system_m480.o(.data)
    gau32ClkSrcTbl                           0x2000000c   Data          32  system_m480.o(.data)
    __stdout                                 0x2000002c   Data           4  retarget.o(.data)
    BitFlag                                  0x20000030   Data           4  main.o(.data)
    counter_tick                             0x20000034   Data           4  main.o(.data)
    __initial_sp                             0x20000840   Data           0  startup_m480.o(STACK)



==============================================================================

Memory Map of the image

  Image Entry point : 0x00008225

  Load Region LR_1 (Base: 0x00008000, Size: 0x00001654, Max: 0xffffffff, ABSOLUTE)

    Execution Region ER_RO (Exec base: 0x00008000, Load base: 0x00008000, Size: 0x00001618, Max: 0xffffffff, ABSOLUTE)

    Exec Addr    Load Addr    Size         Type   Attr      Idx    E Section Name        Object

    0x00008000   0x00008000   0x000001f4   Data   RO          320    RESET               startup_m480.o
    0x000081f4   0x000081f4   0x00000000   Code   RO         1451  * .ARM.Collect$$$$00000000  mc_w.l(entry.o)
    0x000081f4   0x000081f4   0x00000004   Code   RO         1719    .ARM.Collect$$$$00000001  mc_w.l(entry2.o)
    0x000081f8   0x000081f8   0x00000004   Code   RO         1722    .ARM.Collect$$$$00000004  mc_w.l(entry5.o)
    0x000081fc   0x000081fc   0x00000000   Code   RO         1724    .ARM.Collect$$$$00000008  mc_w.l(entry7b.o)
    0x000081fc   0x000081fc   0x00000000   Code   RO         1726    .ARM.Collect$$$$0000000A  mc_w.l(entry8b.o)
    0x000081fc   0x000081fc   0x00000008   Code   RO         1727    .ARM.Collect$$$$0000000B  mc_w.l(entry9a.o)
    0x00008204   0x00008204   0x00000000   Code   RO         1729    .ARM.Collect$$$$0000000D  mc_w.l(entry10a.o)
    0x00008204   0x00008204   0x00000000   Code   RO         1731    .ARM.Collect$$$$0000000F  mc_w.l(entry11a.o)
    0x00008204   0x00008204   0x00000004   Code   RO         1720    .ARM.Collect$$$$00002712  mc_w.l(entry2.o)
    0x00008208   0x00008208   0x0000001c   Code   RO          328    .emb_text           retarget.o
    0x00008224   0x00008224   0x00000068   Code   RO          321  * .text               startup_m480.o
    0x0000828c   0x0000828c   0x00000062   Code   RO         1452    .text               mc_w.l(uldiv.o)
    0x000082ee   0x000082ee   0x00000024   Code   RO         1454    .text               mc_w.l(memcpya.o)
    0x00008312   0x00008312   0x0000001e   Code   RO         1735    .text               mc_w.l(llshl.o)
    0x00008330   0x00008330   0x00000020   Code   RO         1737    .text               mc_w.l(llushr.o)
    0x00008350   0x00008350   0x00000024   Code   RO         1750    .text               mc_w.l(init.o)
    0x00008374   0x00008374   0x00000012   Code   RO          616    i.CLK_DisablePLL    clk.o
    0x00008386   0x00008386   0x00000002   PAD
    0x00008388   0x00008388   0x0000001c   Code   RO          621    i.CLK_EnableModuleClock  clk.o
    0x000083a4   0x000083a4   0x00000154   Code   RO          622    i.CLK_EnablePLL     clk.o
    0x000084f8   0x000084f8   0x00000010   Code   RO          625    i.CLK_EnableXtalRC  clk.o
    0x00008508   0x00008508   0x00000010   Code   RO          626    i.CLK_GetCPUFreq    clk.o
    0x00008518   0x00008518   0x00000014   Code   RO          628    i.CLK_GetHXTFreq    clk.o
    0x0000852c   0x0000852c   0x00000016   Code   RO          629    i.CLK_GetLXTFreq    clk.o
    0x00008542   0x00008542   0x00000002   PAD
    0x00008544   0x00008544   0x00000064   Code   RO          632    i.CLK_GetPCLK0Freq  clk.o
    0x000085a8   0x000085a8   0x00000068   Code   RO          633    i.CLK_GetPCLK1Freq  clk.o
    0x00008610   0x00008610   0x00000050   Code   RO          634    i.CLK_GetPLLClockFreq  clk.o
    0x00008660   0x00008660   0x00000084   Code   RO          638    i.CLK_SetCoreClock  clk.o
    0x000086e4   0x000086e4   0x00000062   Code   RO          639    i.CLK_SetHCLK       clk.o
    0x00008746   0x00008746   0x00000002   PAD
    0x00008748   0x00008748   0x00000094   Code   RO          640    i.CLK_SetModuleClock  clk.o
    0x000087dc   0x000087dc   0x0000002c   Code   RO          643    i.CLK_WaitClockReady  clk.o
    0x00008808   0x00008808   0x00000048   Code   RO         1121    i.Custom_Init       main.o
    0x00008850   0x00008850   0x0000002c   Code   RO          812    i.GPIO_SetMode      gpio.o
    0x0000887c   0x0000887c   0x00000028   Code   RO          329    i.Hard_Fault_Handler  retarget.o
    0x000088a4   0x000088a4   0x00000016   Code   RO         1122    i.NVIC_EnableIRQ    main.o
    0x000088ba   0x000088ba   0x00000002   PAD
    0x000088bc   0x000088bc   0x00000024   Code   RO         1123    i.NVIC_SystemReset  main.o
    0x000088e0   0x000088e0   0x00000018   Code   RO          957    i.RTC_EnableSpareAccess  rtc.o
    0x000088f8   0x000088f8   0x00000028   Code   RO          973    i.RTC_WaitAccessEnable  rtc.o
    0x00008920   0x00008920   0x000000bc   Code   RO         1124    i.SYS_Init          main.o
    0x000089dc   0x000089dc   0x0000000e   Code   RO          532    i.SYS_ResetChip     sys.o
    0x000089ea   0x000089ea   0x00000002   PAD
    0x000089ec   0x000089ec   0x00000018   Code   RO          533    i.SYS_ResetModule   sys.o
    0x00008a04   0x00008a04   0x00000020   Code   RO         1125    i.SYS_UnlockReg     main.o
    0x00008a24   0x00008a24   0x00000020   Code   RO          331    i.SendChar          retarget.o
    0x00008a44   0x00008a44   0x00000048   Code   RO            4    i.SystemCoreClockUpdate  system_m480.o
    0x00008a8c   0x00008a8c   0x00000078   Code   RO            5    i.SystemInit        system_m480.o
    0x00008b04   0x00008b04   0x00000030   Code   RO         1126    i.TIMER1_Init       main.o
    0x00008b34   0x00008b34   0x00000078   Code   RO          866    i.TIMER_GetModuleClock  timer.o
    0x00008bac   0x00008bac   0x00000036   Code   RO          867    i.TIMER_Open        timer.o
    0x00008be2   0x00008be2   0x00000002   PAD
    0x00008be4   0x00008be4   0x0000006c   Code   RO         1127    i.TMR1_IRQHandler   main.o
    0x00008c50   0x00008c50   0x00000034   Code   RO         1128    i.UART0_IRQHandler  main.o
    0x00008c84   0x00008c84   0x00000144   Code   RO         1129    i.UART0_Init        main.o
    0x00008dc8   0x00008dc8   0x0000003c   Code   RO          421    i.UART_ClearIntFlag  uart.o
    0x00008e04   0x00008e04   0x00000118   Code   RO          427    i.UART_Open         uart.o
    0x00008f1c   0x00008f1c   0x00000014   Code   RO          433    i.UART_SetTimeoutCnt  uart.o
    0x00008f30   0x00008f30   0x0000009c   Code   RO         1130    i.UARTx_Process     main.o
    0x00008fcc   0x00008fcc   0x00000020   Code   RO         1665    i.__0printf$8       mc_w.l(printf8.o)
    0x00008fec   0x00008fec   0x0000000e   Code   RO         1758    i.__scatterload_copy  mc_w.l(handlers.o)
    0x00008ffa   0x00008ffa   0x00000002   Code   RO         1759    i.__scatterload_null  mc_w.l(handlers.o)
    0x00008ffc   0x00008ffc   0x0000000e   Code   RO         1760    i.__scatterload_zeroinit  mc_w.l(handlers.o)
    0x0000900a   0x0000900a   0x00000002   PAD
    0x0000900c   0x0000900c   0x00000410   Code   RO         1672    i._printf_core      mc_w.l(printf8.o)
    0x0000941c   0x0000941c   0x00000024   Code   RO         1673    i._printf_post_padding  mc_w.l(printf8.o)
    0x00009440   0x00009440   0x0000002e   Code   RO         1674    i._printf_pre_padding  mc_w.l(printf8.o)
    0x0000946e   0x0000946e   0x0000000c   Code   RO          335    i.fputc             retarget.o
    0x0000947a   0x0000947a   0x00000012   Code   RO         1136    i.main              main.o
    0x0000948c   0x0000948c   0x00000044   Code   RO         1138    i.rtc_write_magic_tag  main.o
    0x000094d0   0x000094d0   0x000000a8   Code   RO          337    i.stackDump         retarget.o
    0x00009578   0x00009578   0x00000010   Code   RO         1140    i.tick_counter      main.o
    0x00009588   0x00009588   0x00000030   Data   RO          435    .constdata          uart.o
    0x000095b8   0x000095b8   0x00000020   Data   RO          870    .constdata          timer.o
    0x000095d8   0x000095d8   0x0000001f   Data   RO         1141    .constdata          main.o
    0x000095f7   0x000095f7   0x00000001   PAD
    0x000095f8   0x000095f8   0x00000020   Data   RO         1756    Region$$Table       anon$$obj.o


    Execution Region ER_RW (Exec base: 0x20000000, Load base: 0x00009618, Size: 0x0000003c, Max: 0xffffffff, ABSOLUTE)

    Exec Addr    Load Addr    Size         Type   Attr      Idx    E Section Name        Object

    0x20000000   0x00009618   0x0000002c   Data   RW            6    .data               system_m480.o
    0x2000002c   0x00009644   0x00000004   Data   RW          338    .data               retarget.o
    0x20000030   0x00009648   0x0000000c   Data   RW         1142    .data               main.o


    Execution Region ER_ZI (Exec base: 0x2000003c, Load base: 0x00009654, Size: 0x00000804, Max: 0xffffffff, ABSOLUTE)

    Exec Addr    Load Addr    Size         Type   Attr      Idx    E Section Name        Object

    0x2000003c   0x00009654   0x00000004   PAD
    0x20000040        -       0x00000800   Zero   RW          318    STACK               startup_m480.o


==============================================================================

Image component sizes


      Code (inc. data)   RO Data    RW Data    ZI Data      Debug   Object Name

      1166         86          0          0          0      10961   clk.o
        44          0          0          0          0       1063   gpio.o
      1140        388         31         12          0     145831   main.o
       280        130          0          4          0       4935   retarget.o
        64         12          0          0          0       3752   rtc.o
       104         20        500          0       2048        936   startup_m480.o
        38          4          0          0          0       1122   sys.o
       192         20          0         44          0      50427   system_m480.o
       174         18         32          0          0       2124   timer.o
       360         38         48          0          0       2677   uart.o

    ----------------------------------------------------------------------
      3574        716        644         60       2052     223828   Object Totals
         0          0         32          0          0          0   (incl. Generated)
        12          0          1          0          4          0   (incl. Padding)

    ----------------------------------------------------------------------

      Code (inc. data)   RO Data    RW Data    ZI Data      Debug   Library Member Name

         0          0          0          0          0          0   entry.o
         0          0          0          0          0          0   entry10a.o
         0          0          0          0          0          0   entry11a.o
         8          4          0          0          0          0   entry2.o
         4          0          0          0          0          0   entry5.o
         0          0          0          0          0          0   entry7b.o
         0          0          0          0          0          0   entry8b.o
         8          4          0          0          0          0   entry9a.o
        30          0          0          0          0          0   handlers.o
        36          8          0          0          0         68   init.o
        30          0          0          0          0         68   llshl.o
        32          0          0          0          0         68   llushr.o
        36          0          0          0          0         68   memcpya.o
      1154         54          0          0          0        352   printf8.o
        98          0          0          0          0         92   uldiv.o

    ----------------------------------------------------------------------
      1438         70          0          0          0        716   Library Totals
         2          0          0          0          0          0   (incl. Padding)

    ----------------------------------------------------------------------

      Code (inc. data)   RO Data    RW Data    ZI Data      Debug   Library Name

      1436         70          0          0          0        716   mc_w.l

    ----------------------------------------------------------------------
      1438         70          0          0          0        716   Library Totals

    ----------------------------------------------------------------------

==============================================================================


      Code (inc. data)   RO Data    RW Data    ZI Data      Debug   

      5012        786        644         60       2052     220636   Grand Totals
      5012        786        644         60       2052     220636   ELF Image Totals
      5012        786        644         60          0          0   ROM Totals

==============================================================================

    Total RO  Size (Code + RO Data)                 5656 (   5.52kB)
    Total RW  Size (RW Data + ZI Data)              2112 (   2.06kB)
    Total ROM Size (Code + RO Data + RW Data)       5716 (   5.58kB)

==============================================================================

